Component: Arm Compiler for Embedded 6.19 Tool: armlink [5e73cb00]

==============================================================================

Section Cross References

    startup_stm32f302xc.o(RESET) refers to startup_stm32f302xc.o(STACK) for __initial_sp
    startup_stm32f302xc.o(RESET) refers to startup_stm32f302xc.o(.text) for Reset_Handler
    startup_stm32f302xc.o(RESET) refers to stm32f3xx_it.o(.text.NMI_Handler) for NMI_Handler
    startup_stm32f302xc.o(RESET) refers to stm32f3xx_it.o(.text.HardFault_Handler) for HardFault_Handler
    startup_stm32f302xc.o(RESET) refers to stm32f3xx_it.o(.text.MemManage_Handler) for MemManage_Handler
    startup_stm32f302xc.o(RESET) refers to stm32f3xx_it.o(.text.BusFault_Handler) for BusFault_Handler
    startup_stm32f302xc.o(RESET) refers to stm32f3xx_it.o(.text.UsageFault_Handler) for UsageFault_Handler
    startup_stm32f302xc.o(RESET) refers to stm32f3xx_it.o(.text.SVC_Handler) for SVC_Handler
    startup_stm32f302xc.o(RESET) refers to stm32f3xx_it.o(.text.DebugMon_Handler) for DebugMon_Handler
    startup_stm32f302xc.o(RESET) refers to stm32f3xx_it.o(.text.PendSV_Handler) for PendSV_Handler
    startup_stm32f302xc.o(RESET) refers to stm32f3xx_it.o(.text.SysTick_Handler) for SysTick_Handler
    startup_stm32f302xc.o(.text) refers to system_stm32f3xx.o(.text.SystemInit) for SystemInit
    startup_stm32f302xc.o(.text) refers to entry.o(.ARM.Collect$$$$00000000) for __main
    main.o(.text.main) refers to stm32f3xx_hal.o(.text.HAL_Init) for HAL_Init
    main.o(.text.main) refers to main.o(.text.SystemClock_Config) for SystemClock_Config
    main.o(.text.main) refers to gpio.o(.text.MX_GPIO_Init) for MX_GPIO_Init
    main.o(.text.main) refers to i2c.o(.text.MX_I2C1_Init) for MX_I2C1_Init
    main.o(.text.main) refers to spi.o(.text.MX_SPI2_Init) for MX_SPI2_Init
    main.o(.text.main) refers to app_modbus.o(.text.vApp_Modbus_DataInit) for vApp_Modbus_DataInit
    main.o(.text.main) refers to app_modbus.o(.bss.aucModbusData) for aucModbusData
    main.o(.text.main) refers to app_net.o(.text.vApp_Net_Init) for vApp_Net_Init
    main.o(.text.main) refers to app_modbus.o(.text.vApp_DevPara_ResetCheck) for vApp_DevPara_ResetCheck
    main.o(.text.main) refers to app_net.o(.text.vApp_ModbusTCP_Process) for vApp_ModbusTCP_Process
    main.o(.ARM.exidx.text.main) refers to main.o(.text.main) for [Anonymous Symbol]
    main.o(.text.SystemClock_Config) refers to memseta.o(.text) for __aeabi_memclr4
    main.o(.text.SystemClock_Config) refers to stm32f3xx_hal_rcc.o(.text.HAL_RCC_OscConfig) for HAL_RCC_OscConfig
    main.o(.text.SystemClock_Config) refers to main.o(.text.Error_Handler) for Error_Handler
    main.o(.text.SystemClock_Config) refers to stm32f3xx_hal_rcc.o(.text.HAL_RCC_ClockConfig) for HAL_RCC_ClockConfig
    main.o(.text.SystemClock_Config) refers to stm32f3xx_hal_rcc_ex.o(.text.HAL_RCCEx_PeriphCLKConfig) for HAL_RCCEx_PeriphCLKConfig
    main.o(.ARM.exidx.text.SystemClock_Config) refers to main.o(.text.SystemClock_Config) for [Anonymous Symbol]
    main.o(.ARM.exidx.text.Error_Handler) refers to main.o(.text.Error_Handler) for [Anonymous Symbol]
    gpio.o(.text.MX_GPIO_Init) refers to stm32f3xx_hal_gpio.o(.text.HAL_GPIO_WritePin) for HAL_GPIO_WritePin
    gpio.o(.text.MX_GPIO_Init) refers to stm32f3xx_hal_gpio.o(.text.HAL_GPIO_Init) for HAL_GPIO_Init
    gpio.o(.ARM.exidx.text.MX_GPIO_Init) refers to gpio.o(.text.MX_GPIO_Init) for [Anonymous Symbol]
    i2c.o(.text.MX_I2C1_Init) refers to i2c.o(.bss.hi2c1) for hi2c1
    i2c.o(.text.MX_I2C1_Init) refers to stm32f3xx_hal_i2c.o(.text.HAL_I2C_Init) for HAL_I2C_Init
    i2c.o(.text.MX_I2C1_Init) refers to main.o(.text.Error_Handler) for Error_Handler
    i2c.o(.text.MX_I2C1_Init) refers to stm32f3xx_hal_i2c_ex.o(.text.HAL_I2CEx_ConfigAnalogFilter) for HAL_I2CEx_ConfigAnalogFilter
    i2c.o(.text.MX_I2C1_Init) refers to stm32f3xx_hal_i2c_ex.o(.text.HAL_I2CEx_ConfigDigitalFilter) for HAL_I2CEx_ConfigDigitalFilter
    i2c.o(.ARM.exidx.text.MX_I2C1_Init) refers to i2c.o(.text.MX_I2C1_Init) for [Anonymous Symbol]
    i2c.o(.text.HAL_I2C_MspInit) refers to stm32f3xx_hal_gpio.o(.text.HAL_GPIO_Init) for HAL_GPIO_Init
    i2c.o(.ARM.exidx.text.HAL_I2C_MspInit) refers to i2c.o(.text.HAL_I2C_MspInit) for [Anonymous Symbol]
    i2c.o(.text.HAL_I2C_MspDeInit) refers to stm32f3xx_hal_gpio.o(.text.HAL_GPIO_DeInit) for HAL_GPIO_DeInit
    i2c.o(.ARM.exidx.text.HAL_I2C_MspDeInit) refers to i2c.o(.text.HAL_I2C_MspDeInit) for [Anonymous Symbol]
    spi.o(.text.MX_SPI2_Init) refers to spi.o(.bss.hspi2) for hspi2
    spi.o(.text.MX_SPI2_Init) refers to stm32f3xx_hal_spi.o(.text.HAL_SPI_Init) for HAL_SPI_Init
    spi.o(.text.MX_SPI2_Init) refers to main.o(.text.Error_Handler) for Error_Handler
    spi.o(.ARM.exidx.text.MX_SPI2_Init) refers to spi.o(.text.MX_SPI2_Init) for [Anonymous Symbol]
    spi.o(.text.HAL_SPI_MspInit) refers to stm32f3xx_hal_gpio.o(.text.HAL_GPIO_Init) for HAL_GPIO_Init
[...]
    Removing stm32f3xx_hal_flash_ex.o(.ARM.exidx.text.FLASH_OB_DisableWRP), (8 bytes).
    Removing stm32f3xx_hal_flash_ex.o(.text.FLASH_OB_UserConfig), (114 bytes).
    Removing stm32f3xx_hal_flash_ex.o(.ARM.exidx.text.FLASH_OB_UserConfig), (8 bytes).
    Removing stm32f3xx_hal_flash_ex.o(.text.FLASH_OB_ProgramData), (106 bytes).
    Removing stm32f3xx_hal_flash_ex.o(.ARM.exidx.text.FLASH_OB_ProgramData), (8 bytes).
    Removing stm32f3xx_hal_flash_ex.o(.text.HAL_FLASHEx_OBGetConfig), (40 bytes).
    Removing stm32f3xx_hal_flash_ex.o(.ARM.exidx.text.HAL_FLASHEx_OBGetConfig), (8 bytes).
    Removing stm32f3xx_hal_flash_ex.o(.text.FLASH_OB_GetWRP), (12 bytes).
    Removing stm32f3xx_hal_flash_ex.o(.ARM.exidx.text.FLASH_OB_GetWRP), (8 bytes).
    Removing stm32f3xx_hal_flash_ex.o(.text.FLASH_OB_GetUser), (18 bytes).
    Removing stm32f3xx_hal_flash_ex.o(.ARM.exidx.text.FLASH_OB_GetUser), (8 bytes).
    Removing stm32f3xx_hal_flash_ex.o(.text.HAL_FLASHEx_OBGetUserData), (64 bytes).
    Removing stm32f3xx_hal_flash_ex.o(.ARM.exidx.text.HAL_FLASHEx_OBGetUserData), (8 bytes).
    Removing stm32f3xx_hal_exti.o(.text), (0 bytes).
    Removing stm32f3xx_hal_exti.o(.text.HAL_EXTI_SetConfigLine), (414 bytes).
    Removing stm32f3xx_hal_exti.o(.ARM.exidx.text.HAL_EXTI_SetConfigLine), (8 bytes).
    Removing stm32f3xx_hal_exti.o(.text.HAL_EXTI_GetConfigLine), (332 bytes).
    Removing stm32f3xx_hal_exti.o(.ARM.exidx.text.HAL_EXTI_GetConfigLine), (8 bytes).
    Removing stm32f3xx_hal_exti.o(.text.HAL_EXTI_ClearConfigLine), (268 bytes).
    Removing stm32f3xx_hal_exti.o(.ARM.exidx.text.HAL_EXTI_ClearConfigLine), (8 bytes).
    Removing stm32f3xx_hal_exti.o(.text.HAL_EXTI_RegisterCallback), (48 bytes).
    Removing stm32f3xx_hal_exti.o(.ARM.exidx.text.HAL_EXTI_RegisterCallback), (8 bytes).
    Removing stm32f3xx_hal_exti.o(.text.HAL_EXTI_GetHandle), (42 bytes).
    Removing stm32f3xx_hal_exti.o(.ARM.exidx.text.HAL_EXTI_GetHandle), (8 bytes).
    Removing stm32f3xx_hal_exti.o(.text.HAL_EXTI_IRQHandler), (96 bytes).
    Removing stm32f3xx_hal_exti.o(.ARM.exidx.text.HAL_EXTI_IRQHandler), (8 bytes).
    Removing stm32f3xx_hal_exti.o(.text.HAL_EXTI_GetPending), (70 bytes).
    Removing stm32f3xx_hal_exti.o(.ARM.exidx.text.HAL_EXTI_GetPending), (8 bytes).
    Removing stm32f3xx_hal_exti.o(.text.HAL_EXTI_ClearPending), (56 bytes).
    Removing stm32f3xx_hal_exti.o(.ARM.exidx.text.HAL_EXTI_ClearPending), (8 bytes).
    Removing stm32f3xx_hal_exti.o(.text.HAL_EXTI_GenerateSWI), (54 bytes).
    Removing stm32f3xx_hal_exti.o(.ARM.exidx.text.HAL_EXTI_GenerateSWI), (8 bytes).
    Removing stm32f3xx_hal_spi.o(.text), (0 bytes).
    Removing stm32f3xx_hal_spi.o(.ARM.exidx.text.HAL_SPI_Init), (8 bytes).
    Removing stm32f3xx_hal_spi.o(.text.HAL_SPI_MspInit), (8 bytes).
    Removing stm32f3xx_hal_spi.o(.ARM.exidx.text.HAL_SPI_MspInit), (8 bytes).
    Removing stm32f3xx_hal_spi.o(.text.HAL_SPI_DeInit), (86 bytes).
    Removing stm32f3xx_hal_spi.o(.ARM.exidx.text.HAL_SPI_DeInit), (8 bytes).
    Removing stm32f3xx_hal_spi.o(.text.HAL_SPI_MspDeInit), (8 bytes).
    Removing stm32f3xx_hal_spi.o(.ARM.exidx.text.HAL_SPI_MspDeInit), (8 bytes).
    Removing stm32f3xx_hal_spi.o(.ARM.exidx.text.HAL_SPI_Transmit), (8 bytes).
    Removing stm32f3xx_hal_spi.o(.ARM.exidx.text.SPI_EndRxTxTransaction), (8 bytes).
    Removing stm32f3xx_hal_spi.o(.text.HAL_SPI_Receive), (638 bytes).
    Removing stm32f3xx_hal_spi.o(.ARM.exidx.text.HAL_SPI_Receive), (8 bytes).
    Removing stm32f3xx_hal_spi.o(.ARM.exidx.text.HAL_SPI_TransmitReceive), (8 bytes).
    Removing stm32f3xx_hal_spi.o(.text.SPI_EndRxTransaction), (196 bytes).
    Removing stm32f3xx_hal_spi.o(.ARM.exidx.text.SPI_EndRxTransaction), (8 bytes).
    Removing stm32f3xx_hal_spi.o(.text.HAL_SPI_Transmit_IT), (300 bytes).
    Removing stm32f3xx_hal_spi.o(.ARM.exidx.text.HAL_SPI_Transmit_IT), (8 bytes).
    Removing stm32f3xx_hal_spi.o(.text.SPI_TxISR_16BIT), (52 bytes).
    Removing stm32f3xx_hal_spi.o(.ARM.exidx.text.SPI_TxISR_16BIT), (8 bytes).
    Removing stm32f3xx_hal_spi.o(.text.SPI_TxISR_8BIT), (52 bytes).
    Removing stm32f3xx_hal_spi.o(.ARM.exidx.text.SPI_TxISR_8BIT), (8 bytes).
    Removing stm32f3xx_hal_spi.o(.text.HAL_SPI_Receive_IT), (374 bytes).
    Removing stm32f3xx_hal_spi.o(.ARM.exidx.text.HAL_SPI_Receive_IT), (8 bytes).
    Removing stm32f3xx_hal_spi.o(.text.HAL_SPI_TransmitReceive_IT), (406 bytes).
    Removing stm32f3xx_hal_spi.o(.ARM.exidx.text.HAL_SPI_TransmitReceive_IT), (8 bytes).
    Removing stm32f3xx_hal_spi.o(.text.SPI_RxISR_16BIT), (60 bytes).
    Removing stm32f3xx_hal_spi.o(.ARM.exidx.text.SPI_RxISR_16BIT), (8 bytes).
    Removing stm32f3xx_hal_spi.o(.text.SPI_RxISR_8BIT), (60 bytes).
    Removing stm32f3xx_hal_spi.o(.ARM.exidx.text.SPI_RxISR_8BIT), (8 bytes).
    Removing stm32f3xx_hal_spi.o(.text.SPI_2linesRxISR_16BIT), (82 bytes).
    Removing stm32f3xx_hal_spi.o(.ARM.exidx.text.SPI_2linesRxISR_16BIT), (8 bytes).
    Removing stm32f3xx_hal_spi.o(.text.SPI_2linesTxISR_16BIT), (76 bytes).
    Removing stm32f3xx_hal_spi.o(.ARM.exidx.text.SPI_2linesTxISR_16BIT), (8 bytes).
    Removing stm32f3xx_hal_spi.o(.text.SPI_2linesRxISR_8BIT), (156 bytes).
    Removing stm32f3xx_hal_spi.o(.ARM.exidx.text.SPI_2linesRxISR_8BIT), (8 bytes).
    Removing stm32f3xx_hal_spi.o(.text.SPI_2linesTxISR_8BIT), (116 bytes).
    Removing stm32f3xx_hal_spi.o(.ARM.exidx.text.SPI_2linesTxISR_8BIT), (8 bytes).
    Removing stm32f3xx_hal_spi.o(.text.HAL_SPI_Transmit_DMA), (468 bytes).
    Removing stm32f3xx_hal_spi.o(.ARM.exidx.text.HAL_SPI_Transmit_DMA), (8 bytes).
    Removing stm32f3xx_hal_spi.o(.text.SPI_DMAHalfTransmitCplt), (22 bytes).
    Removing stm32f3xx_hal_spi.o(.ARM.exidx.text.SPI_DMAHalfTransmitCplt), (8 bytes).
    Removing stm32f3xx_hal_spi.o(.text.SPI_DMATransmitCplt), (164 bytes).
    Removing stm32f3xx_hal_spi.o(.ARM.exidx.text.SPI_DMATransmitCplt), (8 bytes).
    Removing stm32f3xx_hal_spi.o(.text.SPI_DMAError), (52 bytes).
    Removing stm32f3xx_hal_spi.o(.ARM.exidx.text.SPI_DMAError), (8 bytes).
    Removing stm32f3xx_hal_spi.o(.text.HAL_SPI_Receive_DMA), (598 bytes).
    Removing stm32f3xx_hal_spi.o(.ARM.exidx.text.HAL_SPI_Receive_DMA), (8 bytes).
    Removing stm32f3xx_hal_spi.o(.text.HAL_SPI_TransmitReceive_DMA), (788 bytes).
    Removing stm32f3xx_hal_spi.o(.ARM.exidx.text.HAL_SPI_TransmitReceive_DMA), (8 bytes).
    Removing stm32f3xx_hal_spi.o(.text.SPI_DMAHalfReceiveCplt), (22 bytes).
    Removing stm32f3xx_hal_spi.o(.ARM.exidx.text.SPI_DMAHalfReceiveCplt), (8 bytes).
    Removing stm32f3xx_hal_spi.o(.text.SPI_DMAReceiveCplt), (162 bytes).
    Removing stm32f3xx_hal_spi.o(.ARM.exidx.text.SPI_DMAReceiveCplt), (8 bytes).
    Removing stm32f3xx_hal_spi.o(.text.SPI_DMAHalfTransmitReceiveCplt), (22 bytes).
    Removing stm32f3xx_hal_spi.o(.ARM.exidx.text.SPI_DMAHalfTransmitReceiveCplt), (8 bytes).
    Removing stm32f3xx_hal_spi.o(.text.SPI_DMATransmitReceiveCplt), (134 bytes).
    Removing stm32f3xx_hal_spi.o(.ARM.exidx.text.SPI_DMATransmitReceiveCplt), (8 bytes).
    Removing stm32f3xx_hal_spi.o(.text.HAL_SPI_Abort), (622 bytes).
    Removing stm32f3xx_hal_spi.o(.ARM.exidx.text.HAL_SPI_Abort), (8 bytes).
    Removing stm32f3xx_hal_spi.o(.text.SPI_AbortTx_ISR), (350 bytes).
    Removing stm32f3xx_hal_spi.o(.ARM.exidx.text.SPI_AbortTx_ISR), (8 bytes).
    Removing stm32f3xx_hal_spi.o(.text.SPI_AbortRx_ISR), (208 bytes).
    Removing stm32f3xx_hal_spi.o(.ARM.exidx.text.SPI_AbortRx_ISR), (8 bytes).
    Removing stm32f3xx_hal_spi.o(.ARM.exidx.text.SPI_WaitFifoStateUntilTimeout), (8 bytes).
    Removing stm32f3xx_hal_spi.o(.ARM.exidx.text.SPI_WaitFlagStateUntilTimeout), (8 bytes).
    Removing stm32f3xx_hal_spi.o(.text.HAL_SPI_Abort_IT), (550 bytes).
    Removing stm32f3xx_hal_spi.o(.ARM.exidx.text.HAL_SPI_Abort_IT), (8 bytes).
    Removing stm32f3xx_hal_spi.o(.text.SPI_DMATxAbortCallback), (230 bytes).
    Removing stm32f3xx_hal_spi.o(.ARM.exidx.text.SPI_DMATxAbortCallback), (8 bytes).
    Removing stm32f3xx_hal_spi.o(.text.SPI_DMARxAbortCallback), (240 bytes).
    Removing stm32f3xx_hal_spi.o(.ARM.exidx.text.SPI_DMARxAbortCallback), (8 bytes).
    Removing stm32f3xx_hal_spi.o(.text.HAL_SPI_AbortCpltCallback), (8 bytes).
    Removing stm32f3xx_hal_spi.o(.ARM.exidx.text.HAL_SPI_AbortCpltCallback), (8 bytes).
    Removing stm32f3xx_hal_spi.o(.text.HAL_SPI_DMAPause), (78 bytes).
    Removing stm32f3xx_hal_spi.o(.ARM.exidx.text.HAL_SPI_DMAPause), (8 bytes).
    Removing stm32f3xx_hal_spi.o(.text.HAL_SPI_DMAResume), (78 bytes).
    Removing stm32f3xx_hal_spi.o(.ARM.exidx.text.HAL_SPI_DMAResume), (8 bytes).
    Removing stm32f3xx_hal_spi.o(.text.HAL_SPI_DMAStop), (120 bytes).
    Removing stm32f3xx_hal_spi.o(.ARM.exidx.text.HAL_SPI_DMAStop), (8 bytes).
    Removing stm32f3xx_hal_spi.o(.text.HAL_SPI_IRQHandler), (560 bytes).
    Removing stm32f3xx_hal_spi.o(.ARM.exidx.text.HAL_SPI_IRQHandler), (8 bytes).
    Removing stm32f3xx_hal_spi.o(.text.SPI_DMAAbortOnError), (34 bytes).
    Removing stm32f3xx_hal_spi.o(.ARM.exidx.text.SPI_DMAAbortOnError), (8 bytes).
    Removing stm32f3xx_hal_spi.o(.text.HAL_SPI_ErrorCallback), (8 bytes).
    Removing stm32f3xx_hal_spi.o(.ARM.exidx.text.HAL_SPI_ErrorCallback), (8 bytes).
    Removing stm32f3xx_hal_spi.o(.text.HAL_SPI_TxCpltCallback), (8 bytes).
    Removing stm32f3xx_hal_spi.o(.ARM.exidx.text.HAL_SPI_TxCpltCallback), (8 bytes).
    Removing stm32f3xx_hal_spi.o(.text.HAL_SPI_RxCpltCallback), (8 bytes).
    Removing stm32f3xx_hal_spi.o(.ARM.exidx.text.HAL_SPI_RxCpltCallback), (8 bytes).
    Removing stm32f3xx_hal_spi.o(.text.HAL_SPI_TxRxCpltCallback), (8 bytes).
    Removing stm32f3xx_hal_spi.o(.ARM.exidx.text.HAL_SPI_TxRxCpltCallback), (8 bytes).
    Removing stm32f3xx_hal_spi.o(.text.HAL_SPI_TxHalfCpltCallback), (8 bytes).
    Removing stm32f3xx_hal_spi.o(.ARM.exidx.text.HAL_SPI_TxHalfCpltCallback), (8 bytes).
    Removing stm32f3xx_hal_spi.o(.text.HAL_SPI_RxHalfCpltCallback), (8 bytes).
    Removing stm32f3xx_hal_spi.o(.ARM.exidx.text.HAL_SPI_RxHalfCpltCallback), (8 bytes).
    Removing stm32f3xx_hal_spi.o(.text.HAL_SPI_TxRxHalfCpltCallback), (8 bytes).
    Removing stm32f3xx_hal_spi.o(.ARM.exidx.text.HAL_SPI_TxRxHalfCpltCallback), (8 bytes).
    Removing stm32f3xx_hal_spi.o(.text.HAL_SPI_GetState), (14 bytes).
    Removing stm32f3xx_hal_spi.o(.ARM.exidx.text.HAL_SPI_GetState), (8 bytes).
    Removing stm32f3xx_hal_spi.o(.text.HAL_SPI_GetError), (12 bytes).
    Removing stm32f3xx_hal_spi.o(.ARM.exidx.text.HAL_SPI_GetError), (8 bytes).
    Removing stm32f3xx_hal_spi.o(.text.SPI_CloseRxTx_ISR), (124 bytes).
    Removing stm32f3xx_hal_spi.o(.ARM.exidx.text.SPI_CloseRxTx_ISR), (8 bytes).
    Removing stm32f3xx_hal_spi.o(.text.SPI_CloseRx_ISR), (88 bytes).
    Removing stm32f3xx_hal_spi.o(.ARM.exidx.text.SPI_CloseRx_ISR), (8 bytes).
    Removing stm32f3xx_hal_spi.o(.text.SPI_CloseTx_ISR), (122 bytes).
    Removing stm32f3xx_hal_spi.o(.ARM.exidx.text.SPI_CloseTx_ISR), (8 bytes).
    Removing stm32f3xx_hal_spi_ex.o(.text), (0 bytes).
    Removing stm32f3xx_hal_spi_ex.o(.text.HAL_SPIEx_FlushRxFifo), (82 bytes).
    Removing stm32f3xx_hal_spi_ex.o(.ARM.exidx.text.HAL_SPIEx_FlushRxFifo), (8 bytes).
    Removing stm32f3xx_hal_tim.o(.text), (0 bytes).
    Removing stm32f3xx_hal_tim_ex.o(.text), (0 bytes).
    Removing system_stm32f3xx.o(.text), (0 bytes).
    Removing system_stm32f3xx.o(.ARM.exidx.text.SystemInit), (8 bytes).
    Removing system_stm32f3xx.o(.text.SystemCoreClockUpdate), (272 bytes).
    Removing system_stm32f3xx.o(.ARM.exidx.text.SystemCoreClockUpdate), (8 bytes).
    Removing system_stm32f3xx.o(.rodata.APBPrescTable), (8 bytes).
    Removing app_modbus.o(.text), (0 bytes).
    Removing app_modbus.o(.ARM.exidx.text.vApp_Modbus_DataInit), (8 bytes).
    Removing app_modbus.o(.ARM.exidx.text.vApp_DevPara_ResetCheck), (8 bytes).
    Removing app_modbus.o(.ARM.exidx.text.Modbus_Input_RegData_Process), (8 bytes).
    Removing app_modbus.o(.ARM.exidx.text.Modbus_Hold_RegData_Process), (8 bytes).
    Removing app_modbus.o(.ARM.exidx.text.Modbus_Coil_Set), (8 bytes).
    Removing app_modbus.o(.ARM.exidx.text.Modbus_Check_Reg_Data), (8 bytes).
    Removing app_net.o(.text), (0 bytes).
    Removing app_net.o(.ARM.exidx.text.Load_Net_Parameters), (8 bytes).
    Removing app_net.o(.ARM.exidx.text.vApp_Net_Init), (8 bytes).
    Removing app_net.o(.ARM.exidx.text.vNet_LinkLose_Count), (8 bytes).
    Removing app_net.o(.ARM.exidx.text.ModbusTCP_ACK_Error), (8 bytes).
    Removing app_net.o(.ARM.exidx.text.ModbusTCP_01_Process), (8 bytes).
    Removing app_net.o(.ARM.exidx.text.ModbusTCP_02_Process), (8 bytes).
    Removing app_net.o(.ARM.exidx.text.ModbusTCP_03_Process), (8 bytes).
    Removing app_net.o(.ARM.exidx.text.ModbusTCP_04_Process), (8 bytes).
    Removing app_net.o(.ARM.exidx.text.ModbusTCP_05_Process), (8 bytes).
    Removing app_net.o(.ARM.exidx.text.ModbusTCP_06_Process), (8 bytes).
    Removing app_net.o(.ARM.exidx.text.ModbusTCP_0F_Process), (8 bytes).
    Removing app_net.o(.ARM.exidx.text.ModbusTCP_10_Process), (8 bytes).
    Removing app_net.o(.ARM.exidx.text.Socket_Data_Process), (8 bytes).
    Removing app_net.o(.ARM.exidx.text.vApp_ModbusTCP_Process), (8 bytes).
    Removing app_timer.o(.text), (0 bytes).
    Removing app_timer.o(.ARM.exidx.text.HAL_Tick_SysCall), (8 bytes).
    Removing misc.o(.text), (0 bytes).
    Removing board.o(.text), (0 bytes).
    Removing board.o(.ARM.exidx.text.vBoard_Init), (8 bytes).
    Removing board.o(.ARM.exidx.text.ucWrite_BootParagram), (8 bytes).
    Removing board.o(.ARM.exidx.text.ucLoad_DevPara), (8 bytes).
    Removing board.o(.text.ucLoad_SysPara), (268 bytes).
    Removing board.o(.ARM.exidx.text.ucLoad_SysPara), (8 bytes).
    Removing board.o(.ARM.exidx.text.Addr_Reset_Check), (8 bytes).
    Removing board.o(.ARM.exidx.text.ucDev_Para_Reset), (8 bytes).
    Removing board.o(.ARM.exidx.text.ucBoard_OUTPUT_Ctrl), (8 bytes).
    Removing m24c32.o(.text), (0 bytes).
    Removing m24c32.o(.ARM.exidx.text.EEPROM_Write), (8 bytes).
    Removing m24c32.o(.ARM.exidx.text.EEPROM_Read), (8 bytes).
    Removing w5500.o(.text), (0 bytes).
    Removing w5500.o(.ARM.exidx.text.SPI_Send_Byte), (8 bytes).
    Removing w5500.o(.ARM.exidx.text.SPI_Send_Short), (8 bytes).
    Removing w5500.o(.ARM.exidx.text.SPI_Read_Byte), (8 bytes).
    Removing w5500.o(.ARM.exidx.text.Write_W5500_1Byte), (8 bytes).
    Removing w5500.o(.ARM.exidx.text.Write_W5500_2Byte), (8 bytes).
    Removing w5500.o(.ARM.exidx.text.Write_W5500_nByte), (8 bytes).
    Removing w5500.o(.ARM.exidx.text.Write_W5500_SOCK_1Byte), (8 bytes).
    Removing w5500.o(.ARM.exidx.text.Write_W5500_SOCK_2Byte), (8 bytes).
    Removing w5500.o(.ARM.exidx.text.Write_W5500_SOCK_4Byte), (8 bytes).
    Removing w5500.o(.ARM.exidx.text.Read_W5500_1Byte), (8 bytes).
    Removing w5500.o(.ARM.exidx.text.Read_W5500_SOCK_1Byte), (8 bytes).
    Removing w5500.o(.ARM.exidx.text.Read_W5500_SOCK_2Byte), (8 bytes).
    Removing w5500.o(.ARM.exidx.text.Read_SOCK_Data_Buffer), (8 bytes).
    Removing w5500.o(.ARM.exidx.text.Write_SOCK_Data_Buffer), (8 bytes).
    Removing w5500.o(.ARM.exidx.text.W5500_Hardware_Reset), (8 bytes).
    Removing w5500.o(.ARM.exidx.text.W5500_Link_Detect), (8 bytes).
    Removing w5500.o(.ARM.exidx.text.W5500_Init), (8 bytes).
    Removing w5500.o(.ARM.exidx.text.Detect_Gateway), (8 bytes).
    Removing w5500.o(.ARM.exidx.text.Socket_Init), (8 bytes).
    Removing w5500.o(.ARM.exidx.text.Socket_Connect), (8 bytes).
    Removing w5500.o(.ARM.exidx.text.Socket_Listen), (8 bytes).
    Removing w5500.o(.ARM.exidx.text.Socket_UDP), (8 bytes).
    Removing w5500.o(.ARM.exidx.text.W5500_Interrupt_Process), (8 bytes).
    Removing w5500.o(.ARM.exidx.text.W5500_Initialization), (8 bytes).
    Removing w5500.o(.ARM.exidx.text.W5500_Socket_Set), (8 bytes).
    Removing w5500.o(.bss.UDP_DIPR), (4 bytes).
    Removing w5500.o(.bss.UDP_DPORT), (2 bytes).

674 unused section(s) (total 46416 bytes) removed from the image.

==============================================================================

Image Symbol Table

    Local Symbols

    Symbol Name                              Value     Ov Type        Size  Object(Section)

    ../clib/microlib/division.c              0x00000000   Number         0  uldiv.o ABSOLUTE
    ../clib/microlib/init/entry.s            0x00000000   Number         0  entry.o ABSOLUTE
    ../clib/microlib/init/entry.s            0x00000000   Number         0  entry2.o ABSOLUTE
    ../clib/microlib/init/entry.s            0x00000000   Number         0  entry5.o ABSOLUTE
    ../clib/microlib/init/entry.s            0x00000000   Number         0  entry7a.o ABSOLUTE
    ../clib/microlib/init/entry.s            0x00000000   Number         0  entry7b.o ABSOLUTE
    ../clib/microlib/init/entry.s            0x00000000   Number         0  entry8a.o ABSOLUTE
    ../clib/microlib/init/entry.s            0x00000000   Number         0  entry8b.o ABSOLUTE
    ../clib/microlib/init/entry.s            0x00000000   Number         0  entry9a.o ABSOLUTE
    ../clib/microlib/init/entry.s            0x00000000   Number         0  entry9b.o ABSOLUTE
    ../clib/microlib/init/entry.s            0x00000000   Number         0  entry10a.o ABSOLUTE
    ../clib/microlib/init/entry.s            0x00000000   Number         0  entry10b.o ABSOLUTE
    ../clib/microlib/init/entry.s            0x00000000   Number         0  entry11a.o ABSOLUTE
    ../clib/microlib/init/entry.s            0x00000000   Number         0  entry11b.o ABSOLUTE
    ../clib/microlib/longlong.c              0x00000000   Number         0  llshl.o ABSOLUTE
    ../clib/microlib/longlong.c              0x00000000   Number         0  llushr.o ABSOLUTE
    ../clib/microlib/malloc/malloc.c         0x00000000   Number         0  malloc.o ABSOLUTE
    ../clib/microlib/malloc/malloc.c         0x00000000   Number         0  mallocr.o ABSOLUTE
    ../clib/microlib/malloc/malloc.c         0x00000000   Number         0  malloca.o ABSOLUTE
    ../clib/microlib/malloc/malloc.c         0x00000000   Number         0  mallocra.o ABSOLUTE
    ../clib/microlib/malloc/mvars.c          0x00000000   Number         0  mvars.o ABSOLUTE
    ../clib/microlib/string/memcpy.c         0x00000000   Number         0  memcpya.o ABSOLUTE
    ../clib/microlib/string/memcpy.c         0x00000000   Number         0  memcpyb.o ABSOLUTE
    ../clib/microlib/string/memset.c         0x00000000   Number         0  memseta.o ABSOLUTE
    app_modbus.c                             0x00000000   Number         0  app_modbus.o ABSOLUTE
    app_net.c                                0x00000000   Number         0  app_net.o ABSOLUTE
    app_timer.c                              0x00000000   Number         0  app_timer.o ABSOLUTE
    board.c                                  0x00000000   Number         0  board.o ABSOLUTE
    dc.s                                     0x00000000   Number         0  dc.o ABSOLUTE
    gpio.c                                   0x00000000   Number         0  gpio.o ABSOLUTE
    handlers.s                               0x00000000   Number         0  handlers.o ABSOLUTE
    i2c.c                                    0x00000000   Number         0  i2c.o ABSOLUTE
    init.s                                   0x00000000   Number         0  init.o ABSOLUTE
    m24c32.c                                 0x00000000   Number         0  m24c32.o ABSOLUTE
    main.c                                   0x00000000   Number         0  main.o ABSOLUTE
    misc.c                                   0x00000000   Number         0  misc.o ABSOLUTE
    spi.c                                    0x00000000   Number         0  spi.o ABSOLUTE
    startup_stm32f302xc.s                    0x00000000   Number         0  startup_stm32f302xc.o ABSOLUTE
    stm32f3xx_hal.c                          0x00000000   Number         0  stm32f3xx_hal.o ABSOLUTE
    stm32f3xx_hal_cortex.c                   0x00000000   Number         0  stm32f3xx_hal_cortex.o ABSOLUTE
    stm32f3xx_hal_dma.c                      0x00000000   Number         0  stm32f3xx_hal_dma.o ABSOLUTE
    stm32f3xx_hal_exti.c                     0x00000000   Number         0  stm32f3xx_hal_exti.o ABSOLUTE
    stm32f3xx_hal_flash.c                    0x00000000   Number         0  stm32f3xx_hal_flash.o ABSOLUTE
    stm32f3xx_hal_flash_ex.c                 0x00000000   Number         0  stm32f3xx_hal_flash_ex.o ABSOLUTE
    stm32f3xx_hal_gpio.c                     0x00000000   Number         0  stm32f3xx_hal_gpio.o ABSOLUTE
    stm32f3xx_hal_i2c.c                      0x00000000   Number         0  stm32f3xx_hal_i2c.o ABSOLUTE
    stm32f3xx_hal_i2c_ex.c                   0x00000000   Number         0  stm32f3xx_hal_i2c_ex.o ABSOLUTE
    stm32f3xx_hal_msp.c                      0x00000000   Number         0  stm32f3xx_hal_msp.o ABSOLUTE
    stm32f3xx_hal_pwr.c                      0x00000000   Number         0  stm32f3xx_hal_pwr.o ABSOLUTE
    stm32f3xx_hal_pwr_ex.c                   0x00000000   Number         0  stm32f3xx_hal_pwr_ex.o ABSOLUTE
    stm32f3xx_hal_rcc.c                      0x00000000   Number         0  stm32f3xx_hal_rcc.o ABSOLUTE
    stm32f3xx_hal_rcc_ex.c                   0x00000000   Number         0  stm32f3xx_hal_rcc_ex.o ABSOLUTE
    stm32f3xx_hal_spi.c                      0x00000000   Number         0  stm32f3xx_hal_spi.o ABSOLUTE
    stm32f3xx_hal_spi_ex.c                   0x00000000   Number         0  stm32f3xx_hal_spi_ex.o ABSOLUTE
    stm32f3xx_hal_tim.c                      0x00000000   Number         0  stm32f3xx_hal_tim.o ABSOLUTE
    stm32f3xx_hal_tim_ex.c                   0x00000000   Number         0  stm32f3xx_hal_tim_ex.o ABSOLUTE
    stm32f3xx_it.c                           0x00000000   Number         0  stm32f3xx_it.o ABSOLUTE
    system_stm32f3xx.c                       0x00000000   Number         0  system_stm32f3xx.o ABSOLUTE
    w5500.c                                  0x00000000   Number         0  w5500.o ABSOLUTE
    RESET                                    0x08000000   Section      392  startup_stm32f302xc.o(RESET)
    .ARM.Collect$$$$00000000                 0x08000188   Section        0  entry.o(.ARM.Collect$$$$00000000)
    .ARM.Collect$$$$00000001                 0x08000188   Section        4  entry2.o(.ARM.Collect$$$$00000001)
    .ARM.Collect$$$$00000004                 0x0800018c   Section        4  entry5.o(.ARM.Collect$$$$00000004)
    .ARM.Collect$$$$00000008                 0x08000190   Section        0  entry7b.o(.ARM.Collect$$$$00000008)
    .ARM.Collect$$$$0000000A                 0x08000190   Section        0  entry8b.o(.ARM.Collect$$$$0000000A)
    .ARM.Collect$$$$0000000B                 0x08000190   Section        8  entry9a.o(.ARM.Collect$$$$0000000B)
    __lit__00000000                          0x08000198   Data           4  entry2.o(.ARM.Collect$$$$00002712)
    .ARM.Collect$$$$0000000D                 0x08000198   Section        0  entry10a.o(.ARM.Collect$$$$0000000D)
    .ARM.Collect$$$$0000000F                 0x08000198   Section        0  entry11a.o(.ARM.Collect$$$$0000000F)
    .ARM.Collect$$$$00002712                 0x08000198   Section        4  entry2.o(.ARM.Collect$$$$00002712)
    $v0                                      0x0800019c   Number         0  startup_stm32f302xc.o(.text)
    .text                                    0x0800019c   Section       36  startup_stm32f302xc.o(.text)
    .text                                    0x080001c0   Section        0  uldiv.o(.text)
    .text                                    0x08000222   Section        0  memcpya.o(.text)
    .text                                    0x08000246   Section        0  memseta.o(.text)
    .text                                    0x0800026a   Section        0  llshl.o(.text)
    .text                                    0x08000288   Section        0  llushr.o(.text)
    .text                                    0x080002a8   Section       36  init.o(.text)
    [Anonymous Symbol]                       0x080002cc   Section        0  board.o(.text.Addr_Reset_Check)
    [Anonymous Symbol]                       0x08000364   Section        0  stm32f3xx_it.o(.text.BusFault_Handler)
    [Anonymous Symbol]                       0x08000368   Section        0  stm32f3xx_it.o(.text.DebugMon_Handler)
    [Anonymous Symbol]                       0x0800036c   Section        0  w5500.o(.text.Detect_Gateway)
    [Anonymous Symbol]                       0x08000468   Section        0  m24c32.o(.text.EEPROM_Read)
    [Anonymous Symbol]                       0x08000500   Section        0  m24c32.o(.text.EEPROM_Write)
    [Anonymous Symbol]                       0x0800059c   Section        0  main.o(.text.Error_Handler)
    [Anonymous Symbol]                       0x080005ac   Section        0  stm32f3xx_hal.o(.text.HAL_Delay)
    [Anonymous Symbol]                       0x080005f0   Section        0  stm32f3xx_hal_gpio.o(.text.HAL_GPIO_Init)
    [Anonymous Symbol]                       0x0800093c   Section        0  stm32f3xx_hal_gpio.o(.text.HAL_GPIO_ReadPin)
    [Anonymous Symbol]                       0x0800096c   Section        0  stm32f3xx_hal_gpio.o(.text.HAL_GPIO_TogglePin)
    [Anonymous Symbol]                       0x08000994   Section        0  stm32f3xx_hal_gpio.o(.text.HAL_GPIO_WritePin)
    [Anonymous Symbol]                       0x080009c0   Section        0  stm32f3xx_hal.o(.text.HAL_GetTick)
    [Anonymous Symbol]                       0x080009cc   Section        0  stm32f3xx_hal_i2c_ex.o(.text.HAL_I2CEx_ConfigAnalogFilter)
    [Anonymous Symbol]                       0x08000a64   Section        0  stm32f3xx_hal_i2c_ex.o(.text.HAL_I2CEx_ConfigDigitalFilter)
    [Anonymous Symbol]                       0x08000b08   Section        0  stm32f3xx_hal_i2c.o(.text.HAL_I2C_Init)
    [Anonymous Symbol]                       0x08000c1c   Section        0  stm32f3xx_hal_i2c.o(.text.HAL_I2C_Mem_Read)
    [Anonymous Symbol]                       0x08000ea8   Section        0  stm32f3xx_hal_i2c.o(.text.HAL_I2C_Mem_Write)
    [Anonymous Symbol]                       0x0800111c   Section        0  i2c.o(.text.HAL_I2C_MspInit)
    [Anonymous Symbol]                       0x080011a4   Section        0  stm32f3xx_hal.o(.text.HAL_IncTick)
    [Anonymous Symbol]                       0x080011c0   Section        0  stm32f3xx_hal.o(.text.HAL_Init)
    [Anonymous Symbol]                       0x080011e8   Section        0  stm32f3xx_hal.o(.text.HAL_InitTick)
    [Anonymous Symbol]                       0x08001258   Section        0  stm32f3xx_hal_msp.o(.text.HAL_MspInit)
    [Anonymous Symbol]                       0x0800129c   Section        0  stm32f3xx_hal_cortex.o(.text.HAL_NVIC_SetPriority)
    [Anonymous Symbol]                       0x080012d0   Section        0  stm32f3xx_hal_cortex.o(.text.HAL_NVIC_SetPriorityGrouping)
    [Anonymous Symbol]                       0x080012e0   Section        0  stm32f3xx_hal_cortex.o(.text.HAL_NVIC_SystemReset)
    [Anonymous Symbol]                       0x080012e4   Section        0  stm32f3xx_hal_rcc_ex.o(.text.HAL_RCCEx_PeriphCLKConfig)
    [Anonymous Symbol]                       0x08001640   Section        0  stm32f3xx_hal_rcc.o(.text.HAL_RCC_ClockConfig)
    [Anonymous Symbol]                       0x0800194c   Section        0  stm32f3xx_hal_rcc.o(.text.HAL_RCC_GetSysClockFreq)
    [Anonymous Symbol]                       0x08001a10   Section        0  stm32f3xx_hal_rcc.o(.text.HAL_RCC_OscConfig)
    [Anonymous Symbol]                       0x08002480   Section        0  stm32f3xx_hal_spi.o(.text.HAL_SPI_Init)
    [Anonymous Symbol]                       0x080025cc   Section        0  spi.o(.text.HAL_SPI_MspInit)
    [Anonymous Symbol]                       0x08002658   Section        0  stm32f3xx_hal_spi.o(.text.HAL_SPI_Transmit)
    [Anonymous Symbol]                       0x08002944   Section        0  stm32f3xx_hal_spi.o(.text.HAL_SPI_TransmitReceive)
    [Anonymous Symbol]                       0x08002d94   Section        0  stm32f3xx_hal_cortex.o(.text.HAL_SYSTICK_Config)
    [Anonymous Symbol]                       0x08002da4   Section        0  app_timer.o(.text.HAL_Tick_SysCall)
    [Anonymous Symbol]                       0x08002de4   Section        0  stm32f3xx_it.o(.text.HardFault_Handler)
    I2C_Flush_TXDR                           0x08002de9   Thumb Code    64  stm32f3xx_hal_i2c.o(.text.I2C_Flush_TXDR)
    [Anonymous Symbol]                       0x08002de8   Section        0  stm32f3xx_hal_i2c.o(.text.I2C_Flush_TXDR)
    I2C_IsErrorOccurred                      0x08002e29   Thumb Code   510  stm32f3xx_hal_i2c.o(.text.I2C_IsErrorOccurred)
    [Anonymous Symbol]                       0x08002e28   Section        0  stm32f3xx_hal_i2c.o(.text.I2C_IsErrorOccurred)
    I2C_RequestMemoryRead                    0x08003029   Thumb Code   190  stm32f3xx_hal_i2c.o(.text.I2C_RequestMemoryRead)
    [Anonymous Symbol]                       0x08003028   Section        0  stm32f3xx_hal_i2c.o(.text.I2C_RequestMemoryRead)
    I2C_RequestMemoryWrite                   0x080030e9   Thumb Code   192  stm32f3xx_hal_i2c.o(.text.I2C_RequestMemoryWrite)
    [Anonymous Symbol]                       0x080030e8   Section        0  stm32f3xx_hal_i2c.o(.text.I2C_RequestMemoryWrite)
    I2C_TransferConfig                       0x080031a9   Thumb Code    84  stm32f3xx_hal_i2c.o(.text.I2C_TransferConfig)
    [Anonymous Symbol]                       0x080031a8   Section        0  stm32f3xx_hal_i2c.o(.text.I2C_TransferConfig)
    I2C_WaitOnFlagUntilTimeout               0x080031fd   Thumb Code   196  stm32f3xx_hal_i2c.o(.text.I2C_WaitOnFlagUntilTimeout)
    [Anonymous Symbol]                       0x080031fc   Section        0  stm32f3xx_hal_i2c.o(.text.I2C_WaitOnFlagUntilTimeout)
    I2C_WaitOnSTOPFlagUntilTimeout           0x080032c1   Thumb Code   162  stm32f3xx_hal_i2c.o(.text.I2C_WaitOnSTOPFlagUntilTimeout)
    [Anonymous Symbol]                       0x080032c0   Section        0  stm32f3xx_hal_i2c.o(.text.I2C_WaitOnSTOPFlagUntilTimeout)
    I2C_WaitOnTXISFlagUntilTimeout           0x08003365   Thumb Code   172  stm32f3xx_hal_i2c.o(.text.I2C_WaitOnTXISFlagUntilTimeout)
    [Anonymous Symbol]                       0x08003364   Section        0  stm32f3xx_hal_i2c.o(.text.I2C_WaitOnTXISFlagUntilTimeout)
    [Anonymous Symbol]                       0x08003410   Section        0  app_net.o(.text.Load_Net_Parameters)
    [Anonymous Symbol]                       0x08003570   Section        0  gpio.o(.text.MX_GPIO_Init)
    [Anonymous Symbol]                       0x0800369c   Section        0  i2c.o(.text.MX_I2C1_Init)
    [Anonymous Symbol]                       0x08003714   Section        0  spi.o(.text.MX_SPI2_Init)
    [Anonymous Symbol]                       0x0800376c   Section        0  stm32f3xx_it.o(.text.MemManage_Handler)
    [Anonymous Symbol]                       0x08003770   Section        0  app_net.o(.text.ModbusTCP_01_Process)
    [Anonymous Symbol]                       0x0800397c   Section        0  app_net.o(.text.ModbusTCP_02_Process)
    [Anonymous Symbol]                       0x08003b88   Section        0  app_net.o(.text.ModbusTCP_03_Process)
    [Anonymous Symbol]                       0x08003cb8   Section        0  app_net.o(.text.ModbusTCP_04_Process)
    [Anonymous Symbol]                       0x08003e34   Section        0  app_net.o(.text.ModbusTCP_05_Process)
    [Anonymous Symbol]                       0x08003f64   Section        0  app_net.o(.text.ModbusTCP_06_Process)
    [Anonymous Symbol]                       0x08004154   Section        0  app_net.o(.text.ModbusTCP_0F_Process)
    [Anonymous Symbol]                       0x08004300   Section        0  app_net.o(.text.ModbusTCP_10_Process)
    [Anonymous Symbol]                       0x08004538   Section        0  app_net.o(.text.ModbusTCP_ACK_Error)
    [Anonymous Symbol]                       0x080045c4   Section        0  app_modbus.o(.text.Modbus_Check_Reg_Data)
    [Anonymous Symbol]                       0x08004728   Section        0  app_modbus.o(.text.Modbus_Coil_Set)
    [Anonymous Symbol]                       0x080047fc   Section        0  app_modbus.o(.text.Modbus_Hold_RegData_Process)
    [Anonymous Symbol]                       0x08004a80   Section        0  app_modbus.o(.text.Modbus_Input_RegData_Process)
    [Anonymous Symbol]                       0x08004aa8   Section        0  stm32f3xx_it.o(.text.NMI_Handler)
    NVIC_EncodePriority                      0x08004aad   Thumb Code   108  stm32f3xx_hal_cortex.o(.text.NVIC_EncodePriority)
    [Anonymous Symbol]                       0x08004aac   Section        0  stm32f3xx_hal_cortex.o(.text.NVIC_EncodePriority)
    [Anonymous Symbol]                       0x08004b18   Section        0  stm32f3xx_it.o(.text.PendSV_Handler)
    [Anonymous Symbol]                       0x08004b1c   Section        0  w5500.o(.text.Read_SOCK_Data_Buffer)
    [Anonymous Symbol]                       0x08004cf4   Section        0  w5500.o(.text.Read_W5500_1Byte)
    [Anonymous Symbol]                       0x08004d40   Section        0  w5500.o(.text.Read_W5500_SOCK_1Byte)
    [Anonymous Symbol]                       0x08004d94   Section        0  w5500.o(.text.Read_W5500_SOCK_2Byte)
    SPI_EndRxTxTransaction                   0x08004e11   Thumb Code   150  stm32f3xx_hal_spi.o(.text.SPI_EndRxTxTransaction)
    [Anonymous Symbol]                       0x08004e10   Section        0  stm32f3xx_hal_spi.o(.text.SPI_EndRxTxTransaction)
    [Anonymous Symbol]                       0x08004ea8   Section        0  w5500.o(.text.SPI_Read_Byte)
    [Anonymous Symbol]                       0x08004ed8   Section        0  w5500.o(.text.SPI_Send_Byte)
    [Anonymous Symbol]                       0x08004efc   Section        0  w5500.o(.text.SPI_Send_Short)
    SPI_WaitFifoStateUntilTimeout            0x08004f2d   Thumb Code   332  stm32f3xx_hal_spi.o(.text.SPI_WaitFifoStateUntilTimeout)
    [Anonymous Symbol]                       0x08004f2c   Section        0  stm32f3xx_hal_spi.o(.text.SPI_WaitFifoStateUntilTimeout)
    SPI_WaitFlagStateUntilTimeout            0x08005079   Thumb Code   298  stm32f3xx_hal_spi.o(.text.SPI_WaitFlagStateUntilTimeout)
    [Anonymous Symbol]                       0x08005078   Section        0  stm32f3xx_hal_spi.o(.text.SPI_WaitFlagStateUntilTimeout)
    [Anonymous Symbol]                       0x080051a4   Section        0  stm32f3xx_it.o(.text.SVC_Handler)
    [Anonymous Symbol]                       0x080051a8   Section        0  w5500.o(.text.Socket_Connect)
    [Anonymous Symbol]                       0x080052d0   Section        0  app_net.o(.text.Socket_Data_Process)
    [Anonymous Symbol]                       0x080055f0   Section        0  w5500.o(.text.Socket_Init)
    [Anonymous Symbol]                       0x0800562c   Section        0  w5500.o(.text.Socket_Listen)
    [Anonymous Symbol]                       0x080056b4   Section        0  w5500.o(.text.Socket_UDP)
    SysTick_Config                           0x08005709   Thumb Code    82  stm32f3xx_hal_cortex.o(.text.SysTick_Config)
    [Anonymous Symbol]                       0x08005708   Section        0  stm32f3xx_hal_cortex.o(.text.SysTick_Config)
    [Anonymous Symbol]                       0x0800575c   Section        0  stm32f3xx_it.o(.text.SysTick_Handler)
    [Anonymous Symbol]                       0x08005768   Section        0  main.o(.text.SystemClock_Config)
    [Anonymous Symbol]                       0x08005800   Section        0  system_stm32f3xx.o(.text.SystemInit)
    [Anonymous Symbol]                       0x08005814   Section        0  stm32f3xx_it.o(.text.UsageFault_Handler)
    [Anonymous Symbol]                       0x08005818   Section        0  w5500.o(.text.W5500_Hardware_Reset)
    [Anonymous Symbol]                       0x0800584c   Section        0  w5500.o(.text.W5500_Init)
    [Anonymous Symbol]                       0x080058f8   Section        0  w5500.o(.text.W5500_Initialization)
    [Anonymous Symbol]                       0x08005930   Section        0  w5500.o(.text.W5500_Interrupt_Process)
    [Anonymous Symbol]                       0x08005a64   Section        0  w5500.o(.text.W5500_Link_Detect)
    [Anonymous Symbol]                       0x08005a74   Section        0  w5500.o(.text.W5500_Socket_Set)
    [Anonymous Symbol]                       0x08005b78   Section        0  w5500.o(.text.Write_SOCK_Data_Buffer)
    [Anonymous Symbol]                       0x08005cb4   Section        0  w5500.o(.text.Write_W5500_1Byte)
    [Anonymous Symbol]                       0x08005cfc   Section        0  w5500.o(.text.Write_W5500_2Byte)
    [Anonymous Symbol]                       0x08005d44   Section        0  w5500.o(.text.Write_W5500_SOCK_1Byte)
    [Anonymous Symbol]                       0x08005d98   Section        0  w5500.o(.text.Write_W5500_SOCK_2Byte)
    [Anonymous Symbol]                       0x08005dec   Section        0  w5500.o(.text.Write_W5500_SOCK_4Byte)
    [Anonymous Symbol]                       0x08005e48   Section        0  w5500.o(.text.Write_W5500_nByte)
    __NVIC_GetPriorityGrouping               0x08005ea1   Thumb Code    16  stm32f3xx_hal_cortex.o(.text.__NVIC_GetPriorityGrouping)
    [Anonymous Symbol]                       0x08005ea0   Section        0  stm32f3xx_hal_cortex.o(.text.__NVIC_GetPriorityGrouping)
    __NVIC_SetPriority                       0x08005eb1   Thumb Code    66  stm32f3xx_hal_cortex.o(.text.__NVIC_SetPriority)
    [Anonymous Symbol]                       0x08005eb0   Section        0  stm32f3xx_hal_cortex.o(.text.__NVIC_SetPriority)
    __NVIC_SetPriorityGrouping               0x08005ef5   Thumb Code    60  stm32f3xx_hal_cortex.o(.text.__NVIC_SetPriorityGrouping)
    [Anonymous Symbol]                       0x08005ef4   Section        0  stm32f3xx_hal_cortex.o(.text.__NVIC_SetPriorityGrouping)
    __NVIC_SystemReset                       0x08005f31   Thumb Code    38  stm32f3xx_hal_cortex.o(.text.__NVIC_SystemReset)
    [Anonymous Symbol]                       0x08005f30   Section        0  stm32f3xx_hal_cortex.o(.text.__NVIC_SystemReset)
    [Anonymous Symbol]                       0x08005f58   Section        0  main.o(.text.main)
    [Anonymous Symbol]                       0x08005f94   Section        0  board.o(.text.ucBoard_OUTPUT_Ctrl)
    [Anonymous Symbol]                       0x08005fe0   Section        0  board.o(.text.ucDev_Para_Reset)
    [Anonymous Symbol]                       0x08006018   Section        0  board.o(.text.ucLoad_DevPara)
    [Anonymous Symbol]                       0x08006124   Section        0  board.o(.text.ucWrite_BootParagram)
    [Anonymous Symbol]                       0x0800615c   Section        0  app_modbus.o(.text.vApp_DevPara_ResetCheck)
    [Anonymous Symbol]                       0x08006224   Section        0  app_net.o(.text.vApp_ModbusTCP_Process)
    [Anonymous Symbol]                       0x080062fc   Section        0  app_modbus.o(.text.vApp_Modbus_DataInit)
    [Anonymous Symbol]                       0x08006344   Section        0  app_net.o(.text.vApp_Net_Init)
    [Anonymous Symbol]                       0x0800635c   Section        0  board.o(.text.vBoard_Init)
    [Anonymous Symbol]                       0x08006374   Section        0  app_net.o(.text.vNet_LinkLose_Count)
    i.__scatterload_copy                     0x080063be   Section       14  handlers.o(i.__scatterload_copy)
    i.__scatterload_null                     0x080063cc   Section        2  handlers.o(i.__scatterload_null)
    i.__scatterload_zeroinit                 0x080063ce   Section       14  handlers.o(i.__scatterload_zeroinit)
    i.free                                   0x080063dc   Section        0  malloc.o(i.free)
    i.malloc                                 0x0800642c   Section        0  malloc.o(i.malloc)
    aPLLMULFactorTable                       0x080064c0   Data          16  stm32f3xx_hal_rcc.o(.rodata.aPLLMULFactorTable)
    [Anonymous Symbol]                       0x080064c0   Section        0  stm32f3xx_hal_rcc.o(.rodata.aPLLMULFactorTable)
    aPredivFactorTable                       0x080064d0   Data          16  stm32f3xx_hal_rcc.o(.rodata.aPredivFactorTable)
    [Anonymous Symbol]                       0x080064d0   Section        0  stm32f3xx_hal_rcc.o(.rodata.aPredivFactorTable)
    .data                                    0x20000000   Section        4  mvars.o(.data)
    .data                                    0x20000004   Section        4  mvars.o(.data)
    HAL_Tick_SysCall.RunLEDCnt               0x20000054   Data           2  app_timer.o(.bss.HAL_Tick_SysCall.RunLEDCnt)
    [Anonymous Symbol]                       0x20000054   Section        0  app_timer.o(.bss.HAL_Tick_SysCall.RunLEDCnt)
    Socket_Data_Process.ethRxSize            0x20000086   Data          16  app_net.o(.bss.Socket_Data_Process.ethRxSize)
    [Anonymous Symbol]                       0x20000086   Section        0  app_net.o(.bss.Socket_Data_Process.ethRxSize)
    vApp_DevPara_ResetCheck.rstFlag          0x200009c0   Data           1  app_modbus.o(.bss.vApp_DevPara_ResetCheck.rstFlag)
    [Anonymous Symbol]                       0x200009c0   Section        0  app_modbus.o(.bss.vApp_DevPara_ResetCheck.rstFlag)
    vApp_ModbusTCP_Process.linkFlag          0x200009c1   Data           1  app_net.o(.bss.vApp_ModbusTCP_Process.linkFlag)
    [Anonymous Symbol]                       0x200009c1   Section        0  app_net.o(.bss.vApp_ModbusTCP_Process.linkFlag)
    HEAP                                     0x200009c8   Section      512  startup_stm32f302xc.o(HEAP)
    STACK                                    0x20000bc8   Section     1024  startup_stm32f302xc.o(STACK)

    Global Symbols

    Symbol Name                              Value     Ov Type        Size  Object(Section)

    BuildAttributes$$THM_ISAv4$E$P$D$K$B$S$7EM$VFPi3$EXTD16$VFPS$VFMA$PE$A:L22UL41UL21$X:L11$S22US41US21$IEEE1$IW$~IW$USESV6$~STKCKD$USESV7$~SHL$OSPACE$EBA8$MICROLIB$REQ8$PRES8$EABIv2 0x00000000   Number         0  anon$$obj.o ABSOLUTE
    __cpp_initialize__aeabi_                  - Undefined Weak Reference
    __cxa_finalize                            - Undefined Weak Reference
    __decompress                              - Undefined Weak Reference
    _clock_init                               - Undefined Weak Reference
    _microlib_exit                            - Undefined Weak Reference
    __Vectors_Size                           0x00000188   Number         0  startup_stm32f302xc.o ABSOLUTE
    __Vectors                                0x08000000   Data           4  startup_stm32f302xc.o(RESET)
    __Vectors_End                            0x08000188   Data           0  startup_stm32f302xc.o(RESET)
    __main                                   0x08000189   Thumb Code     0  entry.o(.ARM.Collect$$$$00000000)
    _main_stk                                0x08000189   Thumb Code     0  entry2.o(.ARM.Collect$$$$00000001)
    _main_scatterload                        0x0800018d   Thumb Code     0  entry5.o(.ARM.Collect$$$$00000004)
    __main_after_scatterload                 0x08000191   Thumb Code     0  entry5.o(.ARM.Collect$$$$00000004)
    _main_clock                              0x08000191   Thumb Code     0  entry7b.o(.ARM.Collect$$$$00000008)
    _main_cpp_init                           0x08000191   Thumb Code     0  entry8b.o(.ARM.Collect$$$$0000000A)
    _main_init                               0x08000191   Thumb Code     0  entry9a.o(.ARM.Collect$$$$0000000B)
    __rt_final_cpp                           0x08000199   Thumb Code     0  entry10a.o(.ARM.Collect$$$$0000000D)
    __rt_final_exit                          0x08000199   Thumb Code     0  entry11a.o(.ARM.Collect$$$$0000000F)
    Reset_Handler                            0x0800019d   Thumb Code     8  startup_stm32f302xc.o(.text)
    ADC1_2_IRQHandler                        0x080001b7   Thumb Code     0  startup_stm32f302xc.o(.text)
    CAN_RX1_IRQHandler                       0x080001b7   Thumb Code     0  startup_stm32f302xc.o(.text)
    CAN_SCE_IRQHandler                       0x080001b7   Thumb Code     0  startup_stm32f302xc.o(.text)
    COMP1_2_IRQHandler                       0x080001b7   Thumb Code     0  startup_stm32f302xc.o(.text)
    COMP4_6_IRQHandler                       0x080001b7   Thumb Code     0  startup_stm32f302xc.o(.text)
    DMA1_Channel1_IRQHandler                 0x080001b7   Thumb Code     0  startup_stm32f302xc.o(.text)
    DMA1_Channel2_IRQHandler                 0x080001b7   Thumb Code     0  startup_stm32f302xc.o(.text)
    DMA1_Channel3_IRQHandler                 0x080001b7   Thumb Code     0  startup_stm32f302xc.o(.text)
    DMA1_Channel4_IRQHandler                 0x080001b7   Thumb Code     0  startup_stm32f302xc.o(.text)
    DMA1_Channel5_IRQHandler                 0x080001b7   Thumb Code     0  startup_stm32f302xc.o(.text)
    DMA1_Channel6_IRQHandler                 0x080001b7   Thumb Code     0  startup_stm32f302xc.o(.text)
    DMA1_Channel7_IRQHandler                 0x080001b7   Thumb Code     0  startup_stm32f302xc.o(.text)
    DMA2_Channel1_IRQHandler                 0x080001b7   Thumb Code     0  startup_stm32f302xc.o(.text)
    DMA2_Channel2_IRQHandler                 0x080001b7   Thumb Code     0  startup_stm32f302xc.o(.text)
    DMA2_Channel3_IRQHandler                 0x080001b7   Thumb Code     0  startup_stm32f302xc.o(.text)
    DMA2_Channel4_IRQHandler                 0x080001b7   Thumb Code     0  startup_stm32f302xc.o(.text)
    DMA2_Channel5_IRQHandler                 0x080001b7   Thumb Code     0  startup_stm32f302xc.o(.text)
    EXTI0_IRQHandler                         0x080001b7   Thumb Code     0  startup_stm32f302xc.o(.text)
    EXTI15_10_IRQHandler                     0x080001b7   Thumb Code     0  startup_stm32f302xc.o(.text)
    EXTI1_IRQHandler                         0x080001b7   Thumb Code     0  startup_stm32f302xc.o(.text)
    EXTI2_TSC_IRQHandler                     0x080001b7   Thumb Code     0  startup_stm32f302xc.o(.text)
    EXTI3_IRQHandler                         0x080001b7   Thumb Code     0  startup_stm32f302xc.o(.text)
    EXTI4_IRQHandler                         0x080001b7   Thumb Code     0  startup_stm32f302xc.o(.text)
    EXTI9_5_IRQHandler                       0x080001b7   Thumb Code     0  startup_stm32f302xc.o(.text)
    FLASH_IRQHandler                         0x080001b7   Thumb Code     0  startup_stm32f302xc.o(.text)
    FPU_IRQHandler                           0x080001b7   Thumb Code     0  startup_stm32f302xc.o(.text)
    I2C1_ER_IRQHandler                       0x080001b7   Thumb Code     0  startup_stm32f302xc.o(.text)
    I2C1_EV_IRQHandler                       0x080001b7   Thumb Code     0  startup_stm32f302xc.o(.text)
    I2C2_ER_IRQHandler                       0x080001b7   Thumb Code     0  startup_stm32f302xc.o(.text)
    I2C2_EV_IRQHandler                       0x080001b7   Thumb Code     0  startup_stm32f302xc.o(.text)
    PVD_IRQHandler                           0x080001b7   Thumb Code     0  startup_stm32f302xc.o(.text)
    RCC_IRQHandler                           0x080001b7   Thumb Code     0  startup_stm32f302xc.o(.text)
    RTC_Alarm_IRQHandler                     0x080001b7   Thumb Code     0  startup_stm32f302xc.o(.text)
    RTC_WKUP_IRQHandler                      0x080001b7   Thumb Code     0  startup_stm32f302xc.o(.text)
    SPI1_IRQHandler                          0x080001b7   Thumb Code     0  startup_stm32f302xc.o(.text)
    SPI2_IRQHandler                          0x080001b7   Thumb Code     0  startup_stm32f302xc.o(.text)
    SPI3_IRQHandler                          0x080001b7   Thumb Code     0  startup_stm32f302xc.o(.text)
    TAMP_STAMP_IRQHandler                    0x080001b7   Thumb Code     0  startup_stm32f302xc.o(.text)
    TIM1_BRK_TIM15_IRQHandler                0x080001b7   Thumb Code     0  startup_stm32f302xc.o(.text)
    TIM1_CC_IRQHandler                       0x080001b7   Thumb Code     0  startup_stm32f302xc.o(.text)
    TIM1_TRG_COM_TIM17_IRQHandler            0x080001b7   Thumb Code     0  startup_stm32f302xc.o(.text)
    TIM1_UP_TIM16_IRQHandler                 0x080001b7   Thumb Code     0  startup_stm32f302xc.o(.text)
    TIM2_IRQHandler                          0x080001b7   Thumb Code     0  startup_stm32f302xc.o(.text)
    TIM3_IRQHandler                          0x080001b7   Thumb Code     0  startup_stm32f302xc.o(.text)
    TIM4_IRQHandler                          0x080001b7   Thumb Code     0  startup_stm32f302xc.o(.text)
    TIM6_DAC_IRQHandler                      0x080001b7   Thumb Code     0  startup_stm32f302xc.o(.text)
    UART4_IRQHandler                         0x080001b7   Thumb Code     0  startup_stm32f302xc.o(.text)
    UART5_IRQHandler                         0x080001b7   Thumb Code     0  startup_stm32f302xc.o(.text)
    USART1_IRQHandler                        0x080001b7   Thumb Code     0  startup_stm32f302xc.o(.text)
    USART2_IRQHandler                        0x080001b7   Thumb Code     0  startup_stm32f302xc.o(.text)
    USART3_IRQHandler                        0x080001b7   Thumb Code     0  startup_stm32f302xc.o(.text)
    USBWakeUp_IRQHandler                     0x080001b7   Thumb Code     0  startup_stm32f302xc.o(.text)
    USBWakeUp_RMP_IRQHandler                 0x080001b7   Thumb Code     0  startup_stm32f302xc.o(.text)
    USB_HP_CAN_TX_IRQHandler                 0x080001b7   Thumb Code     0  startup_stm32f302xc.o(.text)
    USB_HP_IRQHandler                        0x080001b7   Thumb Code     0  startup_stm32f302xc.o(.text)
    USB_LP_CAN_RX0_IRQHandler                0x080001b7   Thumb Code     0  startup_stm32f302xc.o(.text)
    USB_LP_IRQHandler                        0x080001b7   Thumb Code     0  startup_stm32f302xc.o(.text)
    WWDG_IRQHandler                          0x080001b7   Thumb Code     0  startup_stm32f302xc.o(.text)
    __aeabi_uldivmod                         0x080001c1   Thumb Code    98  uldiv.o(.text)
    __aeabi_memcpy                           0x08000223   Thumb Code    36  memcpya.o(.text)
    __aeabi_memcpy4                          0x08000223   Thumb Code     0  memcpya.o(.text)
    __aeabi_memcpy8                          0x08000223   Thumb Code     0  memcpya.o(.text)
    __aeabi_memset                           0x08000247   Thumb Code    14  memseta.o(.text)
    __aeabi_memset4                          0x08000247   Thumb Code     0  memseta.o(.text)
    __aeabi_memset8                          0x08000247   Thumb Code     0  memseta.o(.text)
    __aeabi_memclr                           0x08000255   Thumb Code     4  memseta.o(.text)
    __aeabi_memclr4                          0x08000255   Thumb Code     0  memseta.o(.text)
    __aeabi_memclr8                          0x08000255   Thumb Code     0  memseta.o(.text)
    _memset$wrapper                          0x08000259   Thumb Code    18  memseta.o(.text)
    __aeabi_llsl                             0x0800026b   Thumb Code    30  llshl.o(.text)
    _ll_shift_l                              0x0800026b   Thumb Code     0  llshl.o(.text)
    __aeabi_llsr                             0x08000289   Thumb Code    32  llushr.o(.text)
    _ll_ushift_r                             0x08000289   Thumb Code     0  llushr.o(.text)
    __scatterload                            0x080002a9   Thumb Code    28  init.o(.text)
    __scatterload_rt2                        0x080002a9   Thumb Code     0  init.o(.text)
    Addr_Reset_Check                         0x080002cd   Thumb Code   152  board.o(.text.Addr_Reset_Check)
    BusFault_Handler                         0x08000365   Thumb Code     4  stm32f3xx_it.o(.text.BusFault_Handler)
    DebugMon_Handler                         0x08000369   Thumb Code     2  stm32f3xx_it.o(.text.DebugMon_Handler)
    Detect_Gateway                           0x0800036d   Thumb Code   250  w5500.o(.text.Detect_Gateway)
    EEPROM_Read                              0x08000469   Thumb Code   150  m24c32.o(.text.EEPROM_Read)
    EEPROM_Write                             0x08000501   Thumb Code   156  m24c32.o(.text.EEPROM_Write)
    Error_Handler                            0x0800059d   Thumb Code    14  main.o(.text.Error_Handler)
    HAL_Delay                                0x080005ad   Thumb Code    66  stm32f3xx_hal.o(.text.HAL_Delay)
    HAL_GPIO_Init                            0x080005f1   Thumb Code   844  stm32f3xx_hal_gpio.o(.text.HAL_GPIO_Init)
    HAL_GPIO_ReadPin                         0x0800093d   Thumb Code    46  stm32f3xx_hal_gpio.o(.text.HAL_GPIO_ReadPin)
    HAL_GPIO_TogglePin                       0x0800096d   Thumb Code    38  stm32f3xx_hal_gpio.o(.text.HAL_GPIO_TogglePin)
    HAL_GPIO_WritePin                        0x08000995   Thumb Code    44  stm32f3xx_hal_gpio.o(.text.HAL_GPIO_WritePin)
    HAL_GetTick                              0x080009c1   Thumb Code    12  stm32f3xx_hal.o(.text.HAL_GetTick)
    HAL_I2CEx_ConfigAnalogFilter             0x080009cd   Thumb Code   152  stm32f3xx_hal_i2c_ex.o(.text.HAL_I2CEx_ConfigAnalogFilter)
    HAL_I2CEx_ConfigDigitalFilter            0x08000a65   Thumb Code   162  stm32f3xx_hal_i2c_ex.o(.text.HAL_I2CEx_ConfigDigitalFilter)
    HAL_I2C_Init                             0x08000b09   Thumb Code   276  stm32f3xx_hal_i2c.o(.text.HAL_I2C_Init)
    HAL_I2C_Mem_Read                         0x08000c1d   Thumb Code   650  stm32f3xx_hal_i2c.o(.text.HAL_I2C_Mem_Read)
    HAL_I2C_Mem_Write                        0x08000ea9   Thumb Code   628  stm32f3xx_hal_i2c.o(.text.HAL_I2C_Mem_Write)
    HAL_I2C_MspInit                          0x0800111d   Thumb Code   136  i2c.o(.text.HAL_I2C_MspInit)
    HAL_IncTick                              0x080011a5   Thumb Code    26  stm32f3xx_hal.o(.text.HAL_IncTick)
    HAL_Init                                 0x080011c1   Thumb Code    38  stm32f3xx_hal.o(.text.HAL_Init)
    HAL_InitTick                             0x080011e9   Thumb Code   112  stm32f3xx_hal.o(.text.HAL_InitTick)
    HAL_MspInit                              0x08001259   Thumb Code    66  stm32f3xx_hal_msp.o(.text.HAL_MspInit)
    HAL_NVIC_SetPriority                     0x0800129d   Thumb Code    50  stm32f3xx_hal_cortex.o(.text.HAL_NVIC_SetPriority)
    HAL_NVIC_SetPriorityGrouping             0x080012d1   Thumb Code    16  stm32f3xx_hal_cortex.o(.text.HAL_NVIC_SetPriorityGrouping)
    HAL_NVIC_SystemReset                     0x080012e1   Thumb Code     4  stm32f3xx_hal_cortex.o(.text.HAL_NVIC_SystemReset)
    HAL_RCCEx_PeriphCLKConfig                0x080012e5   Thumb Code   858  stm32f3xx_hal_rcc_ex.o(.text.HAL_RCCEx_PeriphCLKConfig)
    HAL_RCC_ClockConfig                      0x08001641   Thumb Code   778  stm32f3xx_hal_rcc.o(.text.HAL_RCC_ClockConfig)
    HAL_RCC_GetSysClockFreq                  0x0800194d   Thumb Code   194  stm32f3xx_hal_rcc.o(.text.HAL_RCC_GetSysClockFreq)
    HAL_RCC_OscConfig                        0x08001a11   Thumb Code  2670  stm32f3xx_hal_rcc.o(.text.HAL_RCC_OscConfig)
    HAL_SPI_Init                             0x08002481   Thumb Code   332  stm32f3xx_hal_spi.o(.text.HAL_SPI_Init)
    HAL_SPI_MspInit                          0x080025cd   Thumb Code   138  spi.o(.text.HAL_SPI_MspInit)
    HAL_SPI_Transmit                         0x08002659   Thumb Code   748  stm32f3xx_hal_spi.o(.text.HAL_SPI_Transmit)
    HAL_SPI_TransmitReceive                  0x08002945   Thumb Code  1102  stm32f3xx_hal_spi.o(.text.HAL_SPI_TransmitReceive)
    HAL_SYSTICK_Config                       0x08002d95   Thumb Code    16  stm32f3xx_hal_cortex.o(.text.HAL_SYSTICK_Config)
    HAL_Tick_SysCall                         0x08002da5   Thumb Code    64  app_timer.o(.text.HAL_Tick_SysCall)
    HardFault_Handler                        0x08002de5   Thumb Code     4  stm32f3xx_it.o(.text.HardFault_Handler)
    Load_Net_Parameters                      0x08003411   Thumb Code   352  app_net.o(.text.Load_Net_Parameters)
    MX_GPIO_Init                             0x08003571   Thumb Code   300  gpio.o(.text.MX_GPIO_Init)
    MX_I2C1_Init                             0x0800369d   Thumb Code   118  i2c.o(.text.MX_I2C1_Init)
    MX_SPI2_Init                             0x08003715   Thumb Code    88  spi.o(.text.MX_SPI2_Init)
    MemManage_Handler                        0x0800376d   Thumb Code     4  stm32f3xx_it.o(.text.MemManage_Handler)
    ModbusTCP_01_Process                     0x08003771   Thumb Code   524  app_net.o(.text.ModbusTCP_01_Process)
    ModbusTCP_02_Process                     0x0800397d   Thumb Code   524  app_net.o(.text.ModbusTCP_02_Process)
    ModbusTCP_03_Process                     0x08003b89   Thumb Code   302  app_net.o(.text.ModbusTCP_03_Process)
    ModbusTCP_04_Process                     0x08003cb9   Thumb Code   378  app_net.o(.text.ModbusTCP_04_Process)
    ModbusTCP_05_Process                     0x08003e35   Thumb Code   302  app_net.o(.text.ModbusTCP_05_Process)
    ModbusTCP_06_Process                     0x08003f65   Thumb Code   496  app_net.o(.text.ModbusTCP_06_Process)
    ModbusTCP_0F_Process                     0x08004155   Thumb Code   426  app_net.o(.text.ModbusTCP_0F_Process)
    ModbusTCP_10_Process                     0x08004301   Thumb Code   568  app_net.o(.text.ModbusTCP_10_Process)
    ModbusTCP_ACK_Error                      0x08004539   Thumb Code   138  app_net.o(.text.ModbusTCP_ACK_Error)
    Modbus_Check_Reg_Data                    0x080045c5   Thumb Code   354  app_modbus.o(.text.Modbus_Check_Reg_Data)
    Modbus_Coil_Set                          0x08004729   Thumb Code   210  app_modbus.o(.text.Modbus_Coil_Set)
    Modbus_Hold_RegData_Process              0x080047fd   Thumb Code   642  app_modbus.o(.text.Modbus_Hold_RegData_Process)
    Modbus_Input_RegData_Process             0x08004a81   Thumb Code    38  app_modbus.o(.text.Modbus_Input_RegData_Process)
    NMI_Handler                              0x08004aa9   Thumb Code     4  stm32f3xx_it.o(.text.NMI_Handler)
    PendSV_Handler                           0x08004b19   Thumb Code     2  stm32f3xx_it.o(.text.PendSV_Handler)
    Read_SOCK_Data_Buffer                    0x08004b1d   Thumb Code   472  w5500.o(.text.Read_SOCK_Data_Buffer)
    Read_W5500_1Byte                         0x08004cf5   Thumb Code    74  w5500.o(.text.Read_W5500_1Byte)
    Read_W5500_SOCK_1Byte                    0x08004d41   Thumb Code    84  w5500.o(.text.Read_W5500_SOCK_1Byte)
    Read_W5500_SOCK_2Byte                    0x08004d95   Thumb Code   124  w5500.o(.text.Read_W5500_SOCK_2Byte)
    SPI_Read_Byte                            0x08004ea9   Thumb Code    48  w5500.o(.text.SPI_Read_Byte)
    SPI_Send_Byte                            0x08004ed9   Thumb Code    34  w5500.o(.text.SPI_Send_Byte)
    SPI_Send_Short                           0x08004efd   Thumb Code    48  w5500.o(.text.SPI_Send_Short)
    SVC_Handler                              0x080051a5   Thumb Code     2  stm32f3xx_it.o(.text.SVC_Handler)
    Socket_Connect                           0x080051a9   Thumb Code   296  w5500.o(.text.Socket_Connect)
    Socket_Data_Process                      0x080052d1   Thumb Code   798  app_net.o(.text.Socket_Data_Process)
    Socket_Init                              0x080055f1   Thumb Code    60  w5500.o(.text.Socket_Init)
    Socket_Listen                            0x0800562d   Thumb Code   134  w5500.o(.text.Socket_Listen)
    Socket_UDP                               0x080056b5   Thumb Code    84  w5500.o(.text.Socket_UDP)
    SysTick_Handler                          0x0800575d   Thumb Code    12  stm32f3xx_it.o(.text.SysTick_Handler)
    SystemClock_Config                       0x08005769   Thumb Code   150  main.o(.text.SystemClock_Config)
    SystemInit                               0x08005801   Thumb Code    18  system_stm32f3xx.o(.text.SystemInit)
    UsageFault_Handler                       0x08005815   Thumb Code     4  stm32f3xx_it.o(.text.UsageFault_Handler)
    W5500_Hardware_Reset                     0x08005819   Thumb Code    52  w5500.o(.text.W5500_Hardware_Reset)
    W5500_Init                               0x0800584d   Thumb Code   170  w5500.o(.text.W5500_Init)
    W5500_Initialization                     0x080058f9   Thumb Code    56  w5500.o(.text.W5500_Initialization)
    W5500_Interrupt_Process                  0x08005931   Thumb Code   308  w5500.o(.text.W5500_Interrupt_Process)
    W5500_Link_Detect                        0x08005a65   Thumb Code    14  w5500.o(.text.W5500_Link_Detect)
    W5500_Socket_Set                         0x08005a75   Thumb Code   258  w5500.o(.text.W5500_Socket_Set)
    Write_SOCK_Data_Buffer                   0x08005b79   Thumb Code   314  w5500.o(.text.Write_SOCK_Data_Buffer)
    Write_W5500_1Byte                        0x08005cb5   Thumb Code    70  w5500.o(.text.Write_W5500_1Byte)
    Write_W5500_2Byte                        0x08005cfd   Thumb Code    70  w5500.o(.text.Write_W5500_2Byte)
    Write_W5500_SOCK_1Byte                   0x08005d45   Thumb Code    82  w5500.o(.text.Write_W5500_SOCK_1Byte)
    Write_W5500_SOCK_2Byte                   0x08005d99   Thumb Code    82  w5500.o(.text.Write_W5500_SOCK_2Byte)
    Write_W5500_SOCK_4Byte                   0x08005ded   Thumb Code    92  w5500.o(.text.Write_W5500_SOCK_4Byte)
    Write_W5500_nByte                        0x08005e49   Thumb Code    86  w5500.o(.text.Write_W5500_nByte)
    main                                     0x08005f59   Thumb Code    58  main.o(.text.main)
    ucBoard_OUTPUT_Ctrl                      0x08005f95   Thumb Code    76  board.o(.text.ucBoard_OUTPUT_Ctrl)
    ucDev_Para_Reset                         0x08005fe1   Thumb Code    54  board.o(.text.ucDev_Para_Reset)
    ucLoad_DevPara                           0x08006019   Thumb Code   268  board.o(.text.ucLoad_DevPara)
    ucWrite_BootParagram                     0x08006125   Thumb Code    54  board.o(.text.ucWrite_BootParagram)
    vApp_DevPara_ResetCheck                  0x0800615d   Thumb Code   200  app_modbus.o(.text.vApp_DevPara_ResetCheck)
    vApp_ModbusTCP_Process                   0x08006225   Thumb Code   216  app_net.o(.text.vApp_ModbusTCP_Process)
    vApp_Modbus_DataInit                     0x080062fd   Thumb Code    70  app_modbus.o(.text.vApp_Modbus_DataInit)
    vApp_Net_Init                            0x08006345   Thumb Code    24  app_net.o(.text.vApp_Net_Init)
    vBoard_Init                              0x0800635d   Thumb Code    22  board.o(.text.vBoard_Init)
    vNet_LinkLose_Count                      0x08006375   Thumb Code    74  app_net.o(.text.vNet_LinkLose_Count)
    __scatterload_copy                       0x080063bf   Thumb Code    14  handlers.o(i.__scatterload_copy)
    __scatterload_null                       0x080063cd   Thumb Code     2  handlers.o(i.__scatterload_null)
    __scatterload_zeroinit                   0x080063cf   Thumb Code    14  handlers.o(i.__scatterload_zeroinit)
    free                                     0x080063dd   Thumb Code    76  malloc.o(i.free)
    malloc                                   0x0800642d   Thumb Code    92  malloc.o(i.malloc)
    AHBPrescTable                            0x08006498   Data          16  system_stm32f3xx.o(.rodata.AHBPrescTable)
    DefaultBootPara                          0x080064a8   Data          24  app_modbus.o(.rodata.DefaultBootPara)
    aucFWVerion                              0x080064e0   Data           5  board.o(.rodata.aucFWVerion)
    netConst                                 0x080064e5   Data          23  app_net.o(.rodata.netConst)
    Region$$Table$$Base                      0x080064fc   Number         0  anon$$obj.o(Region$$Table)
    Region$$Table$$Limit                     0x0800651c   Number         0  anon$$obj.o(Region$$Table)
    __microlib_freelist                      0x20000000   Data           4  mvars.o(.data)
    __microlib_freelist_initialised          0x20000004   Data           4  mvars.o(.data)
    MCU_IO_CTRL                              0x20000008   Data          48  board.o(.data.MCU_IO_CTRL)
    S_Mode                                   0x20000038   Data           8  w5500.o(.data.S_Mode)
    SystemCoreClock                          0x20000040   Data           4  system_stm32f3xx.o(.data.SystemCoreClock)
    uwTickFreq                               0x20000044   Data           1  stm32f3xx_hal.o(.data.uwTickFreq)
    uwTickPrio                               0x20000048   Data           4  stm32f3xx_hal.o(.data.uwTickPrio)
    Gateway_IP                               0x20000050   Data           4  w5500.o(.bss.Gateway_IP)
    IP_Addr                                  0x20000056   Data           4  w5500.o(.bss.IP_Addr)
    Phy_Addr                                 0x2000005a   Data           6  w5500.o(.bss.Phy_Addr)
    S0_DIP                                   0x20000060   Data           4  w5500.o(.bss.S0_DIP)
    S0_DPort                                 0x20000064   Data           2  w5500.o(.bss.S0_DPort)
    S_Data                                   0x20000066   Data           8  w5500.o(.bss.S_Data)
    S_Port                                   0x2000006e   Data          16  w5500.o(.bss.S_Port)
    S_State                                  0x2000007e   Data           8  w5500.o(.bss.S_State)
    Sub_Mask                                 0x20000096   Data           4  w5500.o(.bss.Sub_Mask)
    aucModbusData                            0x2000009a   Data          96  app_modbus.o(.bss.aucModbusData)
    cmdSize                                  0x200000fa   Data           2  app_net.o(.bss.cmdSize)
    ethRxBuffer                              0x200000fc   Data        1024  app_net.o(.bss.ethRxBuffer)
    ethTxBuffer                              0x200004fc   Data        1024  app_net.o(.bss.ethTxBuffer)
    eth_para                                 0x200008fc   Data           4  app_net.o(.bss.eth_para)
    hi2c1                                    0x20000900   Data          84  i2c.o(.bss.hi2c1)
    hspi2                                    0x20000954   Data         100  spi.o(.bss.hspi2)
    ucAddrKeyState                           0x200009b8   Data           1  board.o(.bss.ucAddrKeyState)
    usAddrKeyCount                           0x200009ba   Data           2  board.o(.bss.usAddrKeyCount)
    uwTick                                   0x200009bc   Data           4  stm32f3xx_hal.o(.bss.uwTick)
    xAddrResetFlag                           0x200009c2   Data           1  board.o(.bss.xAddrResetFlag)
    __heap_base                              0x200009c8   Data           0  startup_stm32f302xc.o(HEAP)
    __heap_limit                             0x20000bc8   Data           0  startup_stm32f302xc.o(HEAP)
    __initial_sp                             0x20000fc8   Data           0  startup_stm32f302xc.o(STACK)



==============================================================================

Memory Map of the image

  Image Entry point : 0x08000189

  Load Region LR_IROM1 (Base: 0x08000000, Size: 0x00006570, Max: 0x00020000, ABSOLUTE)

    Execution Region ER_IROM1 (Exec base: 0x08000000, Load base: 0x08000000, Size: 0x0000651c, Max: 0x00020000, ABSOLUTE)

    Exec Addr    Load Addr    Size         Type   Attr      Idx    E Section Name        Object

    0x08000000   0x08000000   0x00000188   Data   RO            3    RESET               startup_stm32f302xc.o
    0x08000188   0x08000188   0x00000000   Code   RO          998  * .ARM.Collect$$$$00000000  mc_w.l(entry.o)
    0x08000188   0x08000188   0x00000004   Code   RO         1037    .ARM.Collect$$$$00000001  mc_w.l(entry2.o)
    0x0800018c   0x0800018c   0x00000004   Code   RO         1040    .ARM.Collect$$$$00000004  mc_w.l(entry5.o)
    0x08000190   0x08000190   0x00000000   Code   RO         1042    .ARM.Collect$$$$00000008  mc_w.l(entry7b.o)
    0x08000190   0x08000190   0x00000000   Code   RO         1044    .ARM.Collect$$$$0000000A  mc_w.l(entry8b.o)
    0x08000190   0x08000190   0x00000008   Code   RO         1045    .ARM.Collect$$$$0000000B  mc_w.l(entry9a.o)
    0x08000198   0x08000198   0x00000000   Code   RO         1047    .ARM.Collect$$$$0000000D  mc_w.l(entry10a.o)
    0x08000198   0x08000198   0x00000000   Code   RO         1049    .ARM.Collect$$$$0000000F  mc_w.l(entry11a.o)
    0x08000198   0x08000198   0x00000004   Code   RO         1038    .ARM.Collect$$$$00002712  mc_w.l(entry2.o)
    0x0800019c   0x0800019c   0x00000024   Code   RO            4    .text               startup_stm32f302xc.o
    0x080001c0   0x080001c0   0x00000062   Code   RO         1001    .text               mc_w.l(uldiv.o)
    0x08000222   0x08000222   0x00000024   Code   RO         1003    .text               mc_w.l(memcpya.o)
    0x08000246   0x08000246   0x00000024   Code   RO         1005    .text               mc_w.l(memseta.o)
    0x0800026a   0x0800026a   0x0000001e   Code   RO         1051    .text               mc_w.l(llshl.o)
    0x08000288   0x08000288   0x00000020   Code   RO         1053    .text               mc_w.l(llushr.o)
    0x080002a8   0x080002a8   0x00000024   Code   RO         1057    .text               mc_w.l(init.o)
    0x080002cc   0x080002cc   0x00000098   Code   RO          901    .text.Addr_Reset_Check  board.o
    0x08000364   0x08000364   0x00000004   Code   RO           67    .text.BusFault_Handler  stm32f3xx_it.o
    0x08000368   0x08000368   0x00000002   Code   RO           73    .text.DebugMon_Handler  stm32f3xx_it.o
    0x0800036a   0x0800036a   0x00000002   PAD
    0x0800036c   0x0800036c   0x000000fa   Code   RO          964    .text.Detect_Gateway  w5500.o
    0x08000466   0x08000466   0x00000002   PAD
    0x08000468   0x08000468   0x00000096   Code   RO          921    .text.EEPROM_Read   m24c32.o
    0x080004fe   0x080004fe   0x00000002   PAD
    0x08000500   0x08000500   0x0000009c   Code   RO          919    .text.EEPROM_Write  m24c32.o
    0x0800059c   0x0800059c   0x0000000e   Code   RO           15    .text.Error_Handler  main.o
    0x080005aa   0x080005aa   0x00000002   PAD
    0x080005ac   0x080005ac   0x00000042   Code   RO          302    .text.HAL_Delay     stm32f3xx_hal.o
    0x080005ee   0x080005ee   0x00000002   PAD
    0x080005f0   0x080005f0   0x0000034c   Code   RO          395    .text.HAL_GPIO_Init  stm32f3xx_hal_gpio.o
    0x0800093c   0x0800093c   0x0000002e   Code   RO          399    .text.HAL_GPIO_ReadPin  stm32f3xx_hal_gpio.o
    0x0800096a   0x0800096a   0x00000002   PAD
    0x0800096c   0x0800096c   0x00000026   Code   RO          403    .text.HAL_GPIO_TogglePin  stm32f3xx_hal_gpio.o
    0x08000992   0x08000992   0x00000002   PAD
    0x08000994   0x08000994   0x0000002c   Code   RO          401    .text.HAL_GPIO_WritePin  stm32f3xx_hal_gpio.o
    0x080009c0   0x080009c0   0x0000000c   Code   RO          294    .text.HAL_GetTick   stm32f3xx_hal.o
    0x080009cc   0x080009cc   0x00000098   Code   RO          263    .text.HAL_I2CEx_ConfigAnalogFilter  stm32f3xx_hal_i2c_ex.o
    0x08000a64   0x08000a64   0x000000a2   Code   RO          265    .text.HAL_I2CEx_ConfigDigitalFilter  stm32f3xx_hal_i2c_ex.o
    0x08000b06   0x08000b06   0x00000002   PAD
    0x08000b08   0x08000b08   0x00000114   Code   RO           94    .text.HAL_I2C_Init  stm32f3xx_hal_i2c.o
    0x08000c1c   0x08000c1c   0x0000028a   Code   RO          162    .text.HAL_I2C_Mem_Read  stm32f3xx_hal_i2c.o
    0x08000ea6   0x08000ea6   0x00000002   PAD
    0x08000ea8   0x08000ea8   0x00000274   Code   RO          158    .text.HAL_I2C_Mem_Write  stm32f3xx_hal_i2c.o
    0x0800111c   0x0800111c   0x00000088   Code   RO           35    .text.HAL_I2C_MspInit  i2c.o
    0x080011a4   0x080011a4   0x0000001a   Code   RO          292    .text.HAL_IncTick   stm32f3xx_hal.o
    0x080011be   0x080011be   0x00000002   PAD
    0x080011c0   0x080011c0   0x00000026   Code   RO          282    .text.HAL_Init      stm32f3xx_hal.o
    0x080011e6   0x080011e6   0x00000002   PAD
    0x080011e8   0x080011e8   0x00000070   Code   RO          284    .text.HAL_InitTick  stm32f3xx_hal.o
    0x08001258   0x08001258   0x00000042   Code   RO           86    .text.HAL_MspInit   stm32f3xx_hal_msp.o
    0x0800129a   0x0800129a   0x00000002   PAD
    0x0800129c   0x0800129c   0x00000032   Code   RO          457    .text.HAL_NVIC_SetPriority  stm32f3xx_hal_cortex.o
    0x080012ce   0x080012ce   0x00000002   PAD
    0x080012d0   0x080012d0   0x00000010   Code   RO          453    .text.HAL_NVIC_SetPriorityGrouping  stm32f3xx_hal_cortex.o
    0x080012e0   0x080012e0   0x00000004   Code   RO          473    .text.HAL_NVIC_SystemReset  stm32f3xx_hal_cortex.o
    0x080012e4   0x080012e4   0x0000035a   Code   RO          379    .text.HAL_RCCEx_PeriphCLKConfig  stm32f3xx_hal_rcc_ex.o
    0x0800163e   0x0800163e   0x00000002   PAD
    0x08001640   0x08001640   0x0000030a   Code   RO          346    .text.HAL_RCC_ClockConfig  stm32f3xx_hal_rcc.o
    0x0800194a   0x0800194a   0x00000002   PAD
    0x0800194c   0x0800194c   0x000000c2   Code   RO          348    .text.HAL_RCC_GetSysClockFreq  stm32f3xx_hal_rcc.o
    0x08001a0e   0x08001a0e   0x00000002   PAD
    0x08001a10   0x08001a10   0x00000a6e   Code   RO          344    .text.HAL_RCC_OscConfig  stm32f3xx_hal_rcc.o
    0x0800247e   0x0800247e   0x00000002   PAD
    0x08002480   0x08002480   0x0000014c   Code   RO          676    .text.HAL_SPI_Init  stm32f3xx_hal_spi.o
    0x080025cc   0x080025cc   0x0000008a   Code   RO           49    .text.HAL_SPI_MspInit  spi.o
    0x08002656   0x08002656   0x00000002   PAD
    0x08002658   0x08002658   0x000002ec   Code   RO          684    .text.HAL_SPI_Transmit  stm32f3xx_hal_spi.o
    0x08002944   0x08002944   0x0000044e   Code   RO          690    .text.HAL_SPI_TransmitReceive  stm32f3xx_hal_spi.o
    0x08002d92   0x08002d92   0x00000002   PAD
    0x08002d94   0x08002d94   0x00000010   Code   RO          477    .text.HAL_SYSTICK_Config  stm32f3xx_hal_cortex.o
    0x08002da4   0x08002da4   0x00000040   Code   RO          883    .text.HAL_Tick_SysCall  app_timer.o
    0x08002de4   0x08002de4   0x00000004   Code   RO           63    .text.HardFault_Handler  stm32f3xx_it.o
    0x08002de8   0x08002de8   0x00000040   Code   RO          118    .text.I2C_Flush_TXDR  stm32f3xx_hal_i2c.o
    0x08002e28   0x08002e28   0x000001fe   Code   RO          254    .text.I2C_IsErrorOccurred  stm32f3xx_hal_i2c.o
    0x08003026   0x08003026   0x00000002   PAD
    0x08003028   0x08003028   0x000000be   Code   RO          164    .text.I2C_RequestMemoryRead  stm32f3xx_hal_i2c.o
    0x080030e6   0x080030e6   0x00000002   PAD
    0x080030e8   0x080030e8   0x000000c0   Code   RO          160    .text.I2C_RequestMemoryWrite  stm32f3xx_hal_i2c.o
    0x080031a8   0x080031a8   0x00000054   Code   RO          106    .text.I2C_TransferConfig  stm32f3xx_hal_i2c.o
    0x080031fc   0x080031fc   0x000000c4   Code   RO          104    .text.I2C_WaitOnFlagUntilTimeout  stm32f3xx_hal_i2c.o
    0x080032c0   0x080032c0   0x000000a2   Code   RO          110    .text.I2C_WaitOnSTOPFlagUntilTimeout  stm32f3xx_hal_i2c.o
    0x08003362   0x08003362   0x00000002   PAD
    0x08003364   0x08003364   0x000000ac   Code   RO          108    .text.I2C_WaitOnTXISFlagUntilTimeout  stm32f3xx_hal_i2c.o
    0x08003410   0x08003410   0x00000160   Code   RO          841    .text.Load_Net_Parameters  app_net.o
    0x08003570   0x08003570   0x0000012c   Code   RO           25    .text.MX_GPIO_Init  gpio.o
    0x0800369c   0x0800369c   0x00000076   Code   RO           33    .text.MX_I2C1_Init  i2c.o
    0x08003712   0x08003712   0x00000002   PAD
    0x08003714   0x08003714   0x00000058   Code   RO           47    .text.MX_SPI2_Init  spi.o
    0x0800376c   0x0800376c   0x00000004   Code   RO           65    .text.MemManage_Handler  stm32f3xx_it.o
    0x08003770   0x08003770   0x0000020c   Code   RO          849    .text.ModbusTCP_01_Process  app_net.o
    0x0800397c   0x0800397c   0x0000020c   Code   RO          851    .text.ModbusTCP_02_Process  app_net.o
    0x08003b88   0x08003b88   0x0000012e   Code   RO          853    .text.ModbusTCP_03_Process  app_net.o
    0x08003cb6   0x08003cb6   0x00000002   PAD
    0x08003cb8   0x08003cb8   0x0000017a   Code   RO          855    .text.ModbusTCP_04_Process  app_net.o
    0x08003e32   0x08003e32   0x00000002   PAD
    0x08003e34   0x08003e34   0x0000012e   Code   RO          857    .text.ModbusTCP_05_Process  app_net.o
    0x08003f62   0x08003f62   0x00000002   PAD
    0x08003f64   0x08003f64   0x000001f0   Code   RO          859    .text.ModbusTCP_06_Process  app_net.o
    0x08004154   0x08004154   0x000001aa   Code   RO          861    .text.ModbusTCP_0F_Process  app_net.o
    0x080042fe   0x080042fe   0x00000002   PAD
    0x08004300   0x08004300   0x00000238   Code   RO          863    .text.ModbusTCP_10_Process  app_net.o
    0x08004538   0x08004538   0x0000008a   Code   RO          847    .text.ModbusTCP_ACK_Error  app_net.o
    0x080045c2   0x080045c2   0x00000002   PAD
    0x080045c4   0x080045c4   0x00000162   Code   RO          829    .text.Modbus_Check_Reg_Data  app_modbus.o
    0x08004726   0x08004726   0x00000002   PAD
    0x08004728   0x08004728   0x000000d2   Code   RO          827    .text.Modbus_Coil_Set  app_modbus.o
    0x080047fa   0x080047fa   0x00000002   PAD
    0x080047fc   0x080047fc   0x00000282   Code   RO          825    .text.Modbus_Hold_RegData_Process  app_modbus.o
    0x08004a7e   0x08004a7e   0x00000002   PAD
    0x08004a80   0x08004a80   0x00000026   Code   RO          823    .text.Modbus_Input_RegData_Process  app_modbus.o
    0x08004aa6   0x08004aa6   0x00000002   PAD
    0x08004aa8   0x08004aa8   0x00000004   Code   RO           61    .text.NMI_Handler   stm32f3xx_it.o
    0x08004aac   0x08004aac   0x0000006c   Code   RO          463    .text.NVIC_EncodePriority  stm32f3xx_hal_cortex.o
    0x08004b18   0x08004b18   0x00000002   Code   RO           75    .text.PendSV_Handler  stm32f3xx_it.o
    0x08004b1a   0x08004b1a   0x00000002   PAD
    0x08004b1c   0x08004b1c   0x000001d8   Code   RO          954    .text.Read_SOCK_Data_Buffer  w5500.o
    0x08004cf4   0x08004cf4   0x0000004a   Code   RO          948    .text.Read_W5500_1Byte  w5500.o
    0x08004d3e   0x08004d3e   0x00000002   PAD
    0x08004d40   0x08004d40   0x00000054   Code   RO          950    .text.Read_W5500_SOCK_1Byte  w5500.o
    0x08004d94   0x08004d94   0x0000007c   Code   RO          952    .text.Read_W5500_SOCK_2Byte  w5500.o
    0x08004e10   0x08004e10   0x00000096   Code   RO          686    .text.SPI_EndRxTxTransaction  stm32f3xx_hal_spi.o
    0x08004ea6   0x08004ea6   0x00000002   PAD
    0x08004ea8   0x08004ea8   0x00000030   Code   RO          934    .text.SPI_Read_Byte  w5500.o
    0x08004ed8   0x08004ed8   0x00000022   Code   RO          930    .text.SPI_Send_Byte  w5500.o
    0x08004efa   0x08004efa   0x00000002   PAD
    0x08004efc   0x08004efc   0x00000030   Code   RO          932    .text.SPI_Send_Short  w5500.o
    0x08004f2c   0x08004f2c   0x0000014c   Code   RO          742    .text.SPI_WaitFifoStateUntilTimeout  stm32f3xx_hal_spi.o
    0x08005078   0x08005078   0x0000012a   Code   RO          744    .text.SPI_WaitFlagStateUntilTimeout  stm32f3xx_hal_spi.o
    0x080051a2   0x080051a2   0x00000002   PAD
    0x080051a4   0x080051a4   0x00000002   Code   RO           71    .text.SVC_Handler   stm32f3xx_it.o
    0x080051a6   0x080051a6   0x00000002   PAD
    0x080051a8   0x080051a8   0x00000128   Code   RO          968    .text.Socket_Connect  w5500.o
    0x080052d0   0x080052d0   0x0000031e   Code   RO          865    .text.Socket_Data_Process  app_net.o
    0x080055ee   0x080055ee   0x00000002   PAD
    0x080055f0   0x080055f0   0x0000003c   Code   RO          966    .text.Socket_Init   w5500.o
    0x0800562c   0x0800562c   0x00000086   Code   RO          970    .text.Socket_Listen  w5500.o
    0x080056b2   0x080056b2   0x00000002   PAD
    0x080056b4   0x080056b4   0x00000054   Code   RO          972    .text.Socket_UDP    w5500.o
    0x08005708   0x08005708   0x00000052   Code   RO          479    .text.SysTick_Config  stm32f3xx_hal_cortex.o
    0x0800575a   0x0800575a   0x00000002   PAD
    0x0800575c   0x0800575c   0x0000000c   Code   RO           77    .text.SysTick_Handler  stm32f3xx_it.o
    0x08005768   0x08005768   0x00000096   Code   RO           13    .text.SystemClock_Config  main.o
    0x080057fe   0x080057fe   0x00000002   PAD
    0x08005800   0x08005800   0x00000012   Code   RO          805    .text.SystemInit    system_stm32f3xx.o
    0x08005812   0x08005812   0x00000002   PAD
    0x08005814   0x08005814   0x00000004   Code   RO           69    .text.UsageFault_Handler  stm32f3xx_it.o
    0x08005818   0x08005818   0x00000034   Code   RO          958    .text.W5500_Hardware_Reset  w5500.o
    0x0800584c   0x0800584c   0x000000aa   Code   RO          962    .text.W5500_Init    w5500.o
    0x080058f6   0x080058f6   0x00000002   PAD
    0x080058f8   0x080058f8   0x00000038   Code   RO          976    .text.W5500_Initialization  w5500.o
    0x08005930   0x08005930   0x00000134   Code   RO          974    .text.W5500_Interrupt_Process  w5500.o
    0x08005a64   0x08005a64   0x0000000e   Code   RO          960    .text.W5500_Link_Detect  w5500.o
    0x08005a72   0x08005a72   0x00000002   PAD
    0x08005a74   0x08005a74   0x00000102   Code   RO          978    .text.W5500_Socket_Set  w5500.o
    0x08005b76   0x08005b76   0x00000002   PAD
    0x08005b78   0x08005b78   0x0000013a   Code   RO          956    .text.Write_SOCK_Data_Buffer  w5500.o
    0x08005cb2   0x08005cb2   0x00000002   PAD
    0x08005cb4   0x08005cb4   0x00000046   Code   RO          936    .text.Write_W5500_1Byte  w5500.o
    0x08005cfa   0x08005cfa   0x00000002   PAD
    0x08005cfc   0x08005cfc   0x00000046   Code   RO          938    .text.Write_W5500_2Byte  w5500.o
    0x08005d42   0x08005d42   0x00000002   PAD
    0x08005d44   0x08005d44   0x00000052   Code   RO          942    .text.Write_W5500_SOCK_1Byte  w5500.o
    0x08005d96   0x08005d96   0x00000002   PAD
    0x08005d98   0x08005d98   0x00000052   Code   RO          944    .text.Write_W5500_SOCK_2Byte  w5500.o
    0x08005dea   0x08005dea   0x00000002   PAD
    0x08005dec   0x08005dec   0x0000005c   Code   RO          946    .text.Write_W5500_SOCK_4Byte  w5500.o
    0x08005e48   0x08005e48   0x00000056   Code   RO          940    .text.Write_W5500_nByte  w5500.o
    0x08005e9e   0x08005e9e   0x00000002   PAD
    0x08005ea0   0x08005ea0   0x00000010   Code   RO          459    .text.__NVIC_GetPriorityGrouping  stm32f3xx_hal_cortex.o
    0x08005eb0   0x08005eb0   0x00000042   Code   RO          461    .text.__NVIC_SetPriority  stm32f3xx_hal_cortex.o
    0x08005ef2   0x08005ef2   0x00000002   PAD
    0x08005ef4   0x08005ef4   0x0000003c   Code   RO          455    .text.__NVIC_SetPriorityGrouping  stm32f3xx_hal_cortex.o
    0x08005f30   0x08005f30   0x00000026   Code   RO          475    .text.__NVIC_SystemReset  stm32f3xx_hal_cortex.o
    0x08005f56   0x08005f56   0x00000002   PAD
    0x08005f58   0x08005f58   0x0000003a   Code   RO           11    .text.main          main.o
    0x08005f92   0x08005f92   0x00000002   PAD
    0x08005f94   0x08005f94   0x0000004c   Code   RO          905    .text.ucBoard_OUTPUT_Ctrl  board.o
    0x08005fe0   0x08005fe0   0x00000036   Code   RO          903    .text.ucDev_Para_Reset  board.o
    0x08006016   0x08006016   0x00000002   PAD
    0x08006018   0x08006018   0x0000010c   Code   RO          897    .text.ucLoad_DevPara  board.o
    0x08006124   0x08006124   0x00000036   Code   RO          895    .text.ucWrite_BootParagram  board.o
    0x0800615a   0x0800615a   0x00000002   PAD
    0x0800615c   0x0800615c   0x000000c8   Code   RO          821    .text.vApp_DevPara_ResetCheck  app_modbus.o
    0x08006224   0x08006224   0x000000d8   Code   RO          867    .text.vApp_ModbusTCP_Process  app_net.o
    0x080062fc   0x080062fc   0x00000046   Code   RO          819    .text.vApp_Modbus_DataInit  app_modbus.o
    0x08006342   0x08006342   0x00000002   PAD
    0x08006344   0x08006344   0x00000018   Code   RO          843    .text.vApp_Net_Init  app_net.o
    0x0800635c   0x0800635c   0x00000016   Code   RO          893    .text.vBoard_Init   board.o
    0x08006372   0x08006372   0x00000002   PAD
    0x08006374   0x08006374   0x0000004a   Code   RO          845    .text.vNet_LinkLose_Count  app_net.o
    0x080063be   0x080063be   0x0000000e   Code   RO         1061    i.__scatterload_copy  mc_w.l(handlers.o)
    0x080063cc   0x080063cc   0x00000002   Code   RO         1062    i.__scatterload_null  mc_w.l(handlers.o)
    0x080063ce   0x080063ce   0x0000000e   Code   RO         1063    i.__scatterload_zeroinit  mc_w.l(handlers.o)
    0x080063dc   0x080063dc   0x00000050   Code   RO         1009    i.free              mc_w.l(malloc.o)
    0x0800642c   0x0800642c   0x0000006c   Code   RO         1010    i.malloc            mc_w.l(malloc.o)
    0x08006498   0x08006498   0x00000010   Data   RO          810    .rodata.AHBPrescTable  system_stm32f3xx.o
    0x080064a8   0x080064a8   0x00000018   Data   RO          831    .rodata.DefaultBootPara  app_modbus.o
    0x080064c0   0x080064c0   0x00000010   Data   RO          370    .rodata.aPLLMULFactorTable  stm32f3xx_hal_rcc.o
    0x080064d0   0x080064d0   0x00000010   Data   RO          371    .rodata.aPredivFactorTable  stm32f3xx_hal_rcc.o
    0x080064e0   0x080064e0   0x00000005   Data   RO          907    .rodata.aucFWVerion  board.o
    0x080064e5   0x080064e5   0x00000017   Data   RO          870    .rodata.netConst    app_net.o
    0x080064fc   0x080064fc   0x00000020   Data   RO         1060    Region$$Table       anon$$obj.o


    Execution Region RW_IRAM1 (Exec base: 0x20000000, Load base: 0x08006520, Size: 0x00000fc8, Max: 0x00008000, ABSOLUTE)

    Exec Addr    Load Addr    Size         Type   Attr      Idx    E Section Name        Object

    0x20000000   0x08006520   0x00000004   Data   RW         1055    .data               mc_w.l(mvars.o)
    0x20000004   0x08006524   0x00000004   Data   RW         1056    .data               mc_w.l(mvars.o)
    0x20000008   0x08006528   0x00000030   Data   RW          911    .data.MCU_IO_CTRL   board.o
    0x20000038   0x08006558   0x00000008   Data   RW          980    .data.S_Mode        w5500.o
    0x20000040   0x08006560   0x00000004   Data   RW          809    .data.SystemCoreClock  system_stm32f3xx.o
    0x20000044   0x08006564   0x00000001   Data   RW          333    .data.uwTickFreq    stm32f3xx_hal.o
    0x20000045   0x08006565   0x00000003   PAD
    0x20000048   0x08006568   0x00000004   Data   RW          332    .data.uwTickPrio    stm32f3xx_hal.o
    0x2000004c   0x0800656c   0x00000004   PAD
    0x20000050        -       0x00000004   Zero   RW          983    .bss.Gateway_IP     w5500.o
    0x20000054        -       0x00000002   Zero   RW          885    .bss.HAL_Tick_SysCall.RunLEDCnt  app_timer.o
    0x20000056        -       0x00000004   Zero   RW          986    .bss.IP_Addr        w5500.o
    0x2000005a        -       0x00000006   Zero   RW          985    .bss.Phy_Addr       w5500.o
    0x20000060        -       0x00000004   Zero   RW          988    .bss.S0_DIP         w5500.o
    0x20000064        -       0x00000002   Zero   RW          989    .bss.S0_DPort       w5500.o
    0x20000066        -       0x00000008   Zero   RW          982    .bss.S_Data         w5500.o
    0x2000006e        -       0x00000010   Zero   RW          987    .bss.S_Port         w5500.o
    0x2000007e        -       0x00000008   Zero   RW          981    .bss.S_State        w5500.o
    0x20000086        -       0x00000010   Zero   RW          873    .bss.Socket_Data_Process.ethRxSize  app_net.o
    0x20000096        -       0x00000004   Zero   RW          984    .bss.Sub_Mask       w5500.o
    0x2000009a        -       0x00000060   Zero   RW          832    .bss.aucModbusData  app_modbus.o
    0x200000fa        -       0x00000002   Zero   RW          869    .bss.cmdSize        app_net.o
    0x200000fc        -       0x00000400   Zero   RW          874    .bss.ethRxBuffer    app_net.o
    0x200004fc        -       0x00000400   Zero   RW          872    .bss.ethTxBuffer    app_net.o
    0x200008fc        -       0x00000004   Zero   RW          871    .bss.eth_para       app_net.o
    0x20000900        -       0x00000054   Zero   RW           39    .bss.hi2c1          i2c.o
    0x20000954        -       0x00000064   Zero   RW           53    .bss.hspi2          spi.o
    0x200009b8        -       0x00000001   Zero   RW          909    .bss.ucAddrKeyState  board.o
    0x200009b9   0x0800656c   0x00000001   PAD
    0x200009ba        -       0x00000002   Zero   RW          908    .bss.usAddrKeyCount  board.o
    0x200009bc        -       0x00000004   Zero   RW          334    .bss.uwTick         stm32f3xx_hal.o
    0x200009c0        -       0x00000001   Zero   RW          833    .bss.vApp_DevPara_ResetCheck.rstFlag  app_modbus.o
    0x200009c1        -       0x00000001   Zero   RW          875    .bss.vApp_ModbusTCP_Process.linkFlag  app_net.o
    0x200009c2        -       0x00000001   Zero   RW          910    .bss.xAddrResetFlag  board.o
    0x200009c3   0x0800656c   0x00000005   PAD
    0x200009c8        -       0x00000200   Zero   RW            2    HEAP                startup_stm32f302xc.o
    0x20000bc8        -       0x00000400   Zero   RW            1    STACK               startup_stm32f302xc.o


==============================================================================

Image component sizes


      Code (inc. data)   RO Data    RW Data    ZI Data      Debug   Object Name

      1514         80         24          0         97       4007   app_modbus.o
      5122         16         23          0       2071       8508   app_net.o
        64          0          0          0          2       1080   app_timer.o
       626          0          5         48          4       3454   board.o
       300          0          0          0          0       1861   gpio.o
       254          0          0          0         84       4656   i2c.o
       306          0          0          0          0       3993   m24c32.o
       222          0          0          0          0       2292   main.o
       226          0          0          0        100       4423   spi.o
        36          8        392          0       1536        916   startup_stm32f302xc.o
       254          0          0          5          4       6073   stm32f3xx_hal.o
       456          0          0          0          0       9219   stm32f3xx_hal_cortex.o
       972          0          0          0          0       4708   stm32f3xx_hal_gpio.o
      3124          0          0          0          0      36254   stm32f3xx_hal_i2c.o
       314          0          0          0          0       5141   stm32f3xx_hal_i2c_ex.o
        66          0          0          0          0       1094   stm32f3xx_hal_msp.o
      3642          0         32          0          0       8154   stm32f3xx_hal_rcc.o
       858          0          0          0          0       5041   stm32f3xx_hal_rcc_ex.o
      2962          0          0          0          0      21153   stm32f3xx_hal_spi.o
        38          0          0          0          0       1098   stm32f3xx_it.o
        18          0         16          4          0       2178   system_stm32f3xx.o
      3362          0          0          8         56       6811   w5500.o

    ----------------------------------------------------------------------
     24854        104        524         68       3964     142114   Object Totals
         0          0         32          0          0          0   (incl. Generated)
       118          0          0          3         10          0   (incl. Padding)

    ----------------------------------------------------------------------

      Code (inc. data)   RO Data    RW Data    ZI Data      Debug   Library Member Name

         0          0          0          0          0          0   entry.o
         0          0          0          0          0          0   entry10a.o
         0          0          0          0          0          0   entry11a.o
         8          4          0          0          0          0   entry2.o
         4          0          0          0          0          0   entry5.o
         0          0          0          0          0          0   entry7b.o
         0          0          0          0          0          0   entry8b.o
         8          4          0          0          0          0   entry9a.o
        30          0          0          0          0          0   handlers.o
        36          8          0          0          0         68   init.o
        30          0          0          0          0         68   llshl.o
        32          0          0          0          0         68   llushr.o
       188         20          0          0          0        160   malloc.o
        36          0          0          0          0         68   memcpya.o
        36          0          0          0          0        108   memseta.o
         0          0          0          8          0          0   mvars.o
        98          0          0          0          0         92   uldiv.o

    ----------------------------------------------------------------------
       506         36          0          8          0        632   Library Totals
         0          0          0          0          0          0   (incl. Padding)

    ----------------------------------------------------------------------

      Code (inc. data)   RO Data    RW Data    ZI Data      Debug   Library Name

       506         36          0          8          0        632   mc_w.l

    ----------------------------------------------------------------------
       506         36          0          8          0        632   Library Totals

    ----------------------------------------------------------------------

==============================================================================


      Code (inc. data)   RO Data    RW Data    ZI Data      Debug   

     25360        140        524         76       3964     142290   Grand Totals
     25360        140        524         76       3964     142290   ELF Image Totals
     25360        140        524         76          0          0   ROM Totals

==============================================================================

    Total RO  Size (Code + RO Data)                25884 (  25.28kB)
    Total RW  Size (RW Data + ZI Data)              4040 (   3.95kB)
    Total ROM Size (Code + RO Data + RW Data)      25960 (  25.35kB)

==============================================================================

