<html>
<body>
<pre>
<h1>µVision Build Log</h1>
<h2>Tool Versions:</h2>
IDE-Version: ¦ÌVision V5.38.0.0
Copyright (C) 2022 ARM Ltd and ARM Germany GmbH. All rights reserved.
License Information: zx N, Aiit, LIC=585FJ-U3MIW-9U64U-SMUKM-59IM2-CHGLS
 
Tool Versions:
Toolchain:       MDK-ARM Plus  Version: 5.38.0.0
Toolchain Path:  D:\MDK\Core\ARM\ARMCLANG\Bin
C Compiler:      ArmClang.exe V6.19
Assembler:       Armasm.exe V6.19
Linker/Locator:  ArmLink.exe V6.19
Library Manager: ArmAr.exe V6.19
Hex Converter:   FromElf.exe V6.19
CPU DLL:         SARMCM3.DLL V5.38.0.0
Dialog DLL:      DCM.DLL V1.17.5.0
Target DLL:      STLink\ST-LINKIII-KEIL_SWO.dll V3.0.1.0
Dialog DLL:      TCM.DLL V1.56.4.0
 
<h2>Project:</h2>
d:\Personal_Project\2025NewProjects\PN202501075_MagnetometerTest\PowerCalibrationBoard\CalibrationBoard_Firmware_20250315\MDK-ARM\CalibrationBoard_Firmware_20250315.uvprojx
Project File Date:  03/15/2025

<h2>Output:</h2>
*** Using Compiler 'V6.19', folder: 'D:\MDK\Core\ARM\ARMCLANG\Bin'
Build target 'CalibrationBoard_Firmware_20250315'
compiling app_net.c...
linking...
Program Size: Code=25360 RO-data=524 RW-data=76 ZI-data=3964  
FromELF: creating hex file...
"..\zoutput\firmware.axf" - 0 Error(s), 0 Warning(s).

<h2>Software Packages used:</h2>

Package Vendor: ARM
                http://www.keil.com/pack/ARM.CMSIS.5.9.0.pack
                ARM.CMSIS.5.9.0
                CMSIS (Common Microcontroller Software Interface Standard)
   * Component: CORE Version: 5.6.0

Package Vendor: Keil
                http://www.keil.com/pack/Keil.STM32F3xx_DFP.2.2.2.pack
                Keil.STM32F3xx_DFP.2.2.2
                STMicroelectronics STM32F3 Series Device Support and Examples

<h2>Collection of Component include folders:</h2>
  ./RTE/_CalibrationBoard_Firmware_20250315
  D:/MDK/Pack/ARM/CMSIS/5.9.0/CMSIS/Core/Include
  D:/MDK/Pack/Keil/STM32F3xx_DFP/2.2.2/Drivers/CMSIS/Device/ST/STM32F3xx/Include

<h2>Collection of Component Files used:</h2>

   * Component: ARM::CMSIS:CORE:5.6.0
      Include file:  CMSIS/Core/Include/tz_context.h
Build Time Elapsed:  00:00:01
</pre>
</body>
</html>
